<html>
<body>
<pre>
<h1>µVision Build Log</h1>
<h2>Tool Versions:</h2>
IDE-Version: ¦ÌVision V5.17.0.0
Copyright (C) 2015 ARM Ltd and ARM Germany GmbH. All rights reserved.
License Information: z b, iit, LIC=V8563-ABAPM-YBHE9-4SY65-9UMX7-H84R8
 
Tool Versions:
Toolchain:       MDK-ARM Professional  Version: 5.17
Toolchain Path:  C:\Keil_v5\ARM\ARMCC\Bin
C Compiler:      Armcc.exe V5.06 update 1 (build 61)
Assembler:       Armasm.exe V5.06 update 1 (build 61)
Linker/Locator:  ArmLink.exe V5.06 update 1 (build 61)
Library Manager: ArmAr.exe V5.06 update 1 (build 61)
Hex Converter:   FromElf.exe V5.06 update 1 (build 61)
CPU DLL:         SARMCM3.DLL V5.17
Dialog DLL:      DCM.DLL V1.13.4.0
Target DLL:      STLink\ST-LINKIII-KEIL_SWO.dll V2.0.18.0
Dialog DLL:      TCM.DLL V1.14.6.0
 
<h2>Project:</h2>
C:\Users\Z_TECH\Desktop\dma_adc_fft_serial\USER\DMA.uvprojx
Project File Date:  11/12/2015

<h2>Output:</h2>
*** Using Compiler 'V5.06 update 1 (build 61)', folder: 'C:\Keil_v5\ARM\ARMCC\Bin'
Rebuild target 'DMA'
compiling dma.c...
compiling stm32f4xx_it.c...
compiling delay.c...
compiling adc.c...
compiling main.c...
main.c(36): warning:  #177-D: variable "emi_min" was declared but never referenced
  	float emi_min;
main.c: 1 warning, 0 errors
compiling led.c...
compiling system_stm32f4xx.c...
assembling startup_stm32f40_41xxx.s...
compiling sys.c...
compiling stm32f4xx_fsmc.c...
compiling misc.c...
compiling timer.c...
compiling stm32f4xx_gpio.c...
compiling stm32f4xx_dma.c...
compiling usart.c...
..\SYSTEM\usart\usart.c(124): warning:  #177-D: variable "Res" was declared but never referenced
  	u8 Res;
..\SYSTEM\usart\usart.c(125): warning:  #177-D: variable "i" was declared but never referenced
  	u8 i;
..\SYSTEM\usart\usart.c: 2 warnings, 0 errors
compiling stm32f4xx_syscfg.c...
compiling stm32f4xx_adc.c...
compiling stm32f4xx_usart.c...
compiling stm32f4xx_rcc.c...
compiling stm32f4xx_tim.c...
linking...
Program Size: Code=14402 RO-data=35242 RW-data=56 ZI-data=87648  
FromELF: creating hex file...
"..\OBJ\DMA.axf" - 0 Error(s), 3 Warning(s).

<h2>Collection of Component include folders:</h2>
  C:\Users\Z_TECH\Desktop\dma_adc_fft_serial\USER\RTE
  C:\Keil_v5\ARM\PACK\Keil\STM32F4xx_DFP\2.6.0\Drivers\CMSIS\Device\ST\STM32F4xx\Include

<h2>Collection of Component Files used:</h2>
Build Time Elapsed:  00:00:05
</pre>
</body>
</html>
