<html>
<body>
<pre>
<h1>µVision Build Log</h1>
<h2>Tool Versions:</h2>
IDE-Version: ¦ÌVision V5.16a
Copyright (C) 2015 ARM Ltd and ARM Germany GmbH. All rights reserved.
License Information: z b, iit, LIC=V8563-ABAPM-YBHE9-4SY65-9UMX7-H84R8
 
Tool Versions:
Toolchain:       MDK-ARM Professional  Version: 5.16a
Toolchain Path:  C:\Keil_v5\ARM\ARMCC\Bin
C Compiler:      Armcc.exe V5.06 (build 20)
Assembler:       Armasm.exe V5.06 (build 20)
Linker/Locator:  ArmLink.exe V5.06 (build 20)
Library Manager: ArmAr.exe V5.06 (build 20)
Hex Converter:   FromElf.exe V5.06 (build 20)
CPU DLL:         SARMCM3.DLL V5.16a
Dialog DLL:      DCM.DLL V1.13.2.0
Target DLL:      STLink\ST-LINKIII-KEIL_SWO.dll V2.0.17.0
Dialog DLL:      TCM.DLL V1.14.5.0
 
<h2>Project:</h2>
C:\Users\Z_TECH\Desktop\dma_adc_fft_serial\USER\DMA.uvprojx
Project File Date:  11/03/2015

<h2>Output:</h2>
*** Using Compiler 'V5.06 (build 20)', folder: 'C:\Keil_v5\ARM\ARMCC\Bin'
Rebuild target 'DMA'
compiling delay.c...
compiling stm32f4xx_it.c...
compiling led.c...
compiling adc.c...
compiling dma.c...
compiling main.c...
main.c(35): warning:  #177-D: variable "i" was declared but never referenced
  	u16 i;
main.c(36): warning:  #177-D: variable "fft_iter" was declared but never referenced
  	u16 fft_iter = 0;
main.c(37): warning:  #177-D: variable "time" was declared but never referenced
  	float time;
main.c: 3 warnings, 0 errors
compiling system_stm32f4xx.c...
assembling startup_stm32f40_41xxx.s...
compiling sys.c...
compiling timer.c...
compiling misc.c...
compiling usart.c...
compiling stm32f4xx_dma.c...
compiling stm32f4xx_fsmc.c...
compiling stm32f4xx_gpio.c...
compiling stm32f4xx_syscfg.c...
compiling stm32f4xx_adc.c...
compiling stm32f4xx_usart.c...
compiling stm32f4xx_rcc.c...
compiling stm32f4xx_tim.c...
linking...
Program Size: Code=11718 RO-data=35242 RW-data=56 ZI-data=71488  
FromELF: creating hex file...
"..\OBJ\DMA.axf" - 0 Error(s), 3 Warning(s).

<h2>Collection of Component include folders:</h2>
  C:\Users\Z_TECH\Desktop\dma_adc_fft_serial\USER\RTE
  C:\Keil_v5\ARM\PACK\Keil\STM32F4xx_DFP\2.6.0\Drivers\CMSIS\Device\ST\STM32F4xx\Include

<h2>Collection of Component Files used:</h2>
Build Time Elapsed:  00:00:03
</pre>
</body>
</html>
