Component: ARM Compiler 5.06 update 1 (build 61) Tool: armlink [4d35a8]

==============================================================================

Section Cross References

    main.o(.text) refers to stm32f4xx_adc.o(.text) for ADC_CommonInit
    main.o(.text) refers to stm32f4xx_dma.o(.text) for DMA_Init
    main.o(.text) refers to stm32f4xx_tim.o(.text) for TIM_TimeBaseStructInit
    main.o(.text) refers to misc.o(.text) for NVIC_Init
    main.o(.text) refers to stm32f4xx_gpio.o(.text) for GPIO_Init
    main.o(.text) refers to stm32f4xx_rcc.o(.text) for RCC_AHB1PeriphClockCmd
    main.o(.text) refers to delay.o(.text) for delay_init
    main.o(.text) refers to usart.o(.text) for uart_init
    main.o(.text) refers to dma.o(.text) for MYDMA_Config
    main.o(.text) refers to arm_cfft_radix4_init_f32.o(.text) for arm_cfft_radix4_init_f32
    main.o(.text) refers to timer.o(.text) for TIM3_Int_Init
    main.o(.text) refers to f2d.o(x$fpl$f2d) for __aeabi_f2d
    main.o(.text) refers to fabs.o(i.__hardfp_fabs) for __hardfp_fabs
    main.o(.text) refers to dmul.o(x$fpl$dmul) for __aeabi_dmul
    main.o(.text) refers to drleqf.o(x$fpl$drleqf) for __aeabi_cdrcmple
    main.o(.text) refers to main.o(.bss) for ADCDualConvertedValues
    main.o(.text) refers to main.o(.data) for uart_verify
    main.o(.text) refers to d2f.o(x$fpl$d2f) for __aeabi_d2f
    main.o(.text) refers to sqrt.o(i.__hardfp_sqrt) for __hardfp_sqrt
    main.o(.text) refers to ddiv.o(x$fpl$ddiv) for __aeabi_ddiv
    main.o(.text) refers to pow.o(i.__hardfp_pow) for __hardfp_pow
    main.o(.text) refers to daddsub_clz.o(x$fpl$dsub) for __aeabi_dsub
    main.o(.text) refers to arm_cfft_radix4_f32.o(.text) for arm_cfft_radix4_f32
    main.o(.text) refers to arm_cmplx_mag_f32.o(.text) for arm_cmplx_mag_f32
    main.o(.text) refers to stm32f4xx_usart.o(.text) for USART_DMACmd
    system_stm32f4xx.o(.text) refers to system_stm32f4xx.o(.data) for SystemCoreClock
    led.o(.text) refers to stm32f4xx_rcc.o(.text) for RCC_AHB1PeriphClockCmd
    led.o(.text) refers to stm32f4xx_gpio.o(.text) for GPIO_Init
    dma.o(.text) refers to stm32f4xx_rcc.o(.text) for RCC_AHB1PeriphClockCmd
    dma.o(.text) refers to stm32f4xx_dma.o(.text) for DMA_DeInit
    delay.o(.text) refers to misc.o(.text) for SysTick_CLKSourceConfig
    delay.o(.text) refers to delay.o(.data) for fac_us
    usart.o(.rev16_text) refers (Special) to use_no_semi_2.o(.text) for __use_no_semihosting
    usart.o(.revsh_text) refers (Special) to use_no_semi_2.o(.text) for __use_no_semihosting
    usart.o(.text) refers (Special) to use_no_semi_2.o(.text) for __use_no_semihosting
    usart.o(.text) refers to stm32f4xx_rcc.o(.text) for RCC_AHB1PeriphClockCmd
    usart.o(.text) refers to stm32f4xx_gpio.o(.text) for GPIO_PinAFConfig
    usart.o(.text) refers to stm32f4xx_usart.o(.text) for USART_Init
    usart.o(.text) refers to misc.o(.text) for NVIC_Init
    usart.o(.text) refers to main.o(.data) for uart_verify
    usart.o(.bss) refers (Special) to use_no_semi_2.o(.text) for __use_no_semihosting
    usart.o(.data) refers (Special) to use_no_semi_2.o(.text) for __use_no_semihosting
    timer.o(.text) refers to stm32f4xx_rcc.o(.text) for RCC_APB1PeriphClockCmd
    timer.o(.text) refers to stm32f4xx_tim.o(.text) for TIM_TimeBaseInit
    timer.o(.text) refers to misc.o(.text) for NVIC_Init
    timer.o(.text) refers to main.o(.data) for timeout
    startup_stm32f40_41xxx.o(STACK) refers (Special) to heapauxi.o(.text) for __use_two_region_memory
    startup_stm32f40_41xxx.o(HEAP) refers (Special) to heapauxi.o(.text) for __use_two_region_memory
    startup_stm32f40_41xxx.o(RESET) refers (Special) to heapauxi.o(.text) for __use_two_region_memory
    startup_stm32f40_41xxx.o(RESET) refers to startup_stm32f40_41xxx.o(STACK) for __initial_sp
    startup_stm32f40_41xxx.o(RESET) refers to startup_stm32f40_41xxx.o(.text) for Reset_Handler
    startup_stm32f40_41xxx.o(RESET) refers to stm32f4xx_it.o(.text) for NMI_Handler
    startup_stm32f40_41xxx.o(RESET) refers to timer.o(.text) for TIM3_IRQHandler
    startup_stm32f40_41xxx.o(RESET) refers to usart.o(.text) for USART1_IRQHandler
    startup_stm32f40_41xxx.o(RESET) refers to main.o(.text) for DMA2_Stream0_IRQHandler
    startup_stm32f40_41xxx.o(.text) refers (Special) to heapauxi.o(.text) for __use_two_region_memory
    startup_stm32f40_41xxx.o(.text) refers to system_stm32f4xx.o(.text) for SystemInit
    startup_stm32f40_41xxx.o(.text) refers to __main.o(!!!main) for __main
    startup_stm32f40_41xxx.o(.text) refers to startup_stm32f40_41xxx.o(HEAP) for Heap_Mem
    startup_stm32f40_41xxx.o(.text) refers to startup_stm32f40_41xxx.o(STACK) for Stack_Mem
    stm32f4xx_gpio.o(.text) refers to stm32f4xx_rcc.o(.text) for RCC_AHB1PeriphResetCmd
    stm32f4xx_fsmc.o(.text) refers to stm32f4xx_fsmc.o(.constdata) for FSMC_DefaultTimingStruct
    stm32f4xx_usart.o(.text) refers to stm32f4xx_rcc.o(.text) for RCC_APB2PeriphResetCmd
[...]
    ..\\FWLIB\\src\\stm32f4xx_rcc.c          0x00000000   Number         0  stm32f4xx_rcc.o ABSOLUTE
    ..\\FWLIB\\src\\stm32f4xx_syscfg.c       0x00000000   Number         0  stm32f4xx_syscfg.o ABSOLUTE
    ..\\FWLIB\\src\\stm32f4xx_tim.c          0x00000000   Number         0  stm32f4xx_tim.o ABSOLUTE
    ..\\FWLIB\\src\\stm32f4xx_usart.c        0x00000000   Number         0  stm32f4xx_usart.o ABSOLUTE
    ..\\HARDWARE\\ADC\\adc.c                 0x00000000   Number         0  adc.o ABSOLUTE
    ..\\HARDWARE\\DMA\\dma.c                 0x00000000   Number         0  dma.o ABSOLUTE
    ..\\HARDWARE\\LED\\led.c                 0x00000000   Number         0  led.o ABSOLUTE
    ..\\HARDWARE\\TIMER\\timer.c             0x00000000   Number         0  timer.o ABSOLUTE
    ..\\SYSTEM\\delay\\delay.c               0x00000000   Number         0  delay.o ABSOLUTE
    ..\\SYSTEM\\sys\\sys.c                   0x00000000   Number         0  sys.o ABSOLUTE
    ..\\SYSTEM\\usart\\usart.c               0x00000000   Number         0  usart.o ABSOLUTE
    ..\\TransformFunctions\\arm_bitreversal.c 0x00000000   Number         0  arm_bitreversal.o ABSOLUTE
    ..\\TransformFunctions\\arm_cfft_radix4_f32.c 0x00000000   Number         0  arm_cfft_radix4_f32.o ABSOLUTE
    ..\\TransformFunctions\\arm_cfft_radix4_init_f32.c 0x00000000   Number         0  arm_cfft_radix4_init_f32.o ABSOLUTE
    dc.s                                     0x00000000   Number         0  dc.o ABSOLUTE
    main.c                                   0x00000000   Number         0  main.o ABSOLUTE
    main.c                                   0x00000000   Number         0  main.o ABSOLUTE
    stm32f4xx_it.c                           0x00000000   Number         0  stm32f4xx_it.o ABSOLUTE
    stm32f4xx_it.c                           0x00000000   Number         0  stm32f4xx_it.o ABSOLUTE
    system_stm32f4xx.c                       0x00000000   Number         0  system_stm32f4xx.o ABSOLUTE
    system_stm32f4xx.c                       0x00000000   Number         0  system_stm32f4xx.o ABSOLUTE
    RESET                                    0x08000000   Section      392  startup_stm32f40_41xxx.o(RESET)
    !!!main                                  0x08000188   Section        8  __main.o(!!!main)
    !!!scatter                               0x08000190   Section       52  __scatter.o(!!!scatter)
    !!handler_copy                           0x080001c4   Section       26  __scatter_copy.o(!!handler_copy)
    !!handler_zi                             0x080001e0   Section       28  __scatter_zi.o(!!handler_zi)
    .ARM.Collect$$libinit$$00000000          0x080001fc   Section        2  libinit.o(.ARM.Collect$$libinit$$00000000)
    .ARM.Collect$$libinit$$00000001          0x080001fe   Section        4  libinit2.o(.ARM.Collect$$libinit$$00000001)
    .ARM.Collect$$libinit$$00000004          0x08000202   Section        0  libinit2.o(.ARM.Collect$$libinit$$00000004)
    .ARM.Collect$$libinit$$0000000A          0x08000202   Section        0  libinit2.o(.ARM.Collect$$libinit$$0000000A)
    .ARM.Collect$$libinit$$0000000C          0x08000202   Section        0  libinit2.o(.ARM.Collect$$libinit$$0000000C)
    .ARM.Collect$$libinit$$0000000E          0x08000202   Section        0  libinit2.o(.ARM.Collect$$libinit$$0000000E)
    .ARM.Collect$$libinit$$00000011          0x08000202   Section        0  libinit2.o(.ARM.Collect$$libinit$$00000011)
    .ARM.Collect$$libinit$$00000013          0x08000202   Section        0  libinit2.o(.ARM.Collect$$libinit$$00000013)
    .ARM.Collect$$libinit$$00000015          0x08000202   Section        0  libinit2.o(.ARM.Collect$$libinit$$00000015)
    .ARM.Collect$$libinit$$00000017          0x08000202   Section        0  libinit2.o(.ARM.Collect$$libinit$$00000017)
    .ARM.Collect$$libinit$$00000019          0x08000202   Section        0  libinit2.o(.ARM.Collect$$libinit$$00000019)
    .ARM.Collect$$libinit$$0000001B          0x08000202   Section        0  libinit2.o(.ARM.Collect$$libinit$$0000001B)
    .ARM.Collect$$libinit$$0000001D          0x08000202   Section        0  libinit2.o(.ARM.Collect$$libinit$$0000001D)
    .ARM.Collect$$libinit$$0000001F          0x08000202   Section        0  libinit2.o(.ARM.Collect$$libinit$$0000001F)
    .ARM.Collect$$libinit$$00000021          0x08000202   Section        0  libinit2.o(.ARM.Collect$$libinit$$00000021)
    .ARM.Collect$$libinit$$00000023          0x08000202   Section        0  libinit2.o(.ARM.Collect$$libinit$$00000023)
    .ARM.Collect$$libinit$$00000025          0x08000202   Section        0  libinit2.o(.ARM.Collect$$libinit$$00000025)
    .ARM.Collect$$libinit$$0000002C          0x08000202   Section        0  libinit2.o(.ARM.Collect$$libinit$$0000002C)
    .ARM.Collect$$libinit$$0000002E          0x08000202   Section        0  libinit2.o(.ARM.Collect$$libinit$$0000002E)
    .ARM.Collect$$libinit$$00000030          0x08000202   Section        0  libinit2.o(.ARM.Collect$$libinit$$00000030)
    .ARM.Collect$$libinit$$00000032          0x08000202   Section        0  libinit2.o(.ARM.Collect$$libinit$$00000032)
    .ARM.Collect$$libinit$$00000033          0x08000202   Section        2  libinit2.o(.ARM.Collect$$libinit$$00000033)
    .ARM.Collect$$libshutdown$$00000000      0x08000204   Section        2  libshutdown.o(.ARM.Collect$$libshutdown$$00000000)
    .ARM.Collect$$libshutdown$$00000002      0x08000206   Section        0  libshutdown2.o(.ARM.Collect$$libshutdown$$00000002)
    .ARM.Collect$$libshutdown$$00000004      0x08000206   Section        0  libshutdown2.o(.ARM.Collect$$libshutdown$$00000004)
    .ARM.Collect$$libshutdown$$00000007      0x08000206   Section        0  libshutdown2.o(.ARM.Collect$$libshutdown$$00000007)
    .ARM.Collect$$libshutdown$$0000000A      0x08000206   Section        0  libshutdown2.o(.ARM.Collect$$libshutdown$$0000000A)
    .ARM.Collect$$libshutdown$$0000000C      0x08000206   Section        0  libshutdown2.o(.ARM.Collect$$libshutdown$$0000000C)
    .ARM.Collect$$libshutdown$$0000000F      0x08000206   Section        0  libshutdown2.o(.ARM.Collect$$libshutdown$$0000000F)
    .ARM.Collect$$libshutdown$$00000010      0x08000206   Section        2  libshutdown2.o(.ARM.Collect$$libshutdown$$00000010)
    .ARM.Collect$$rtentry$$00000000          0x08000208   Section        0  __rtentry.o(.ARM.Collect$$rtentry$$00000000)
    .ARM.Collect$$rtentry$$00000002          0x08000208   Section        0  __rtentry2.o(.ARM.Collect$$rtentry$$00000002)
    .ARM.Collect$$rtentry$$00000004          0x08000208   Section        6  __rtentry4.o(.ARM.Collect$$rtentry$$00000004)
    .ARM.Collect$$rtentry$$00000009          0x0800020e   Section        0  __rtentry2.o(.ARM.Collect$$rtentry$$00000009)
    .ARM.Collect$$rtentry$$0000000A          0x0800020e   Section        4  __rtentry2.o(.ARM.Collect$$rtentry$$0000000A)
    .ARM.Collect$$rtentry$$0000000C          0x08000212   Section        0  __rtentry2.o(.ARM.Collect$$rtentry$$0000000C)
    .ARM.Collect$$rtentry$$0000000D          0x08000212   Section        8  __rtentry2.o(.ARM.Collect$$rtentry$$0000000D)
    .ARM.Collect$$rtexit$$00000000           0x0800021a   Section        2  rtexit.o(.ARM.Collect$$rtexit$$00000000)
    .ARM.Collect$$rtexit$$00000002           0x0800021c   Section        0  rtexit2.o(.ARM.Collect$$rtexit$$00000002)
    .ARM.Collect$$rtexit$$00000003           0x0800021c   Section        4  rtexit2.o(.ARM.Collect$$rtexit$$00000003)
    .ARM.Collect$$rtexit$$00000004           0x08000220   Section        6  rtexit2.o(.ARM.Collect$$rtexit$$00000004)
    .text                                    0x08000228   Section        0  main.o(.text)
    DMA_Configuration                        0x080002a9   Thumb Code    96  main.o(.text)
    .text                                    0x08000fe4   Section        0  stm32f4xx_it.o(.text)
    .text                                    0x08001000   Section        0  system_stm32f4xx.o(.text)
    SetSysClock                              0x08001001   Thumb Code   220  system_stm32f4xx.o(.text)
    .text                                    0x08001210   Section        0  dma.o(.text)
    .text                                    0x080012c0   Section        0  delay.o(.text)
    .text                                    0x080013c4   Section        0  usart.o(.text)
    .text                                    0x080014b0   Section        0  timer.o(.text)
    .text                                    0x08001534   Section       64  startup_stm32f40_41xxx.o(.text)
    $v0                                      0x08001534   Number         0  startup_stm32f40_41xxx.o(.text)
    .text                                    0x08001574   Section        0  misc.o(.text)
    .text                                    0x08001654   Section        0  stm32f4xx_dma.o(.text)
    .text                                    0x080019fc   Section        0  stm32f4xx_gpio.o(.text)
    .text                                    0x08001c90   Section        0  stm32f4xx_usart.o(.text)
    .text                                    0x080020e4   Section        0  stm32f4xx_rcc.o(.text)
    .text                                    0x08002740   Section        0  stm32f4xx_adc.o(.text)
    .text                                    0x08002ba4   Section        0  stm32f4xx_tim.o(.text)
    TI4_Config                               0x08003343   Thumb Code    80  stm32f4xx_tim.o(.text)
    TI3_Config                               0x080033a5   Thumb Code    72  stm32f4xx_tim.o(.text)
    TI2_Config                               0x08003407   Thumb Code    90  stm32f4xx_tim.o(.text)
    TI1_Config                               0x08003473   Thumb Code    58  stm32f4xx_tim.o(.text)
    .text                                    0x08003848   Section        0  arm_cmplx_mag_f32.o(.text)
    .text                                    0x08003938   Section        0  arm_cfft_radix4_f32.o(.text)
    .text                                    0x08003fd8   Section        0  arm_cfft_radix4_init_f32.o(.text)
    .text                                    0x08004098   Section        0  arm_bitreversal.o(.text)
    .text                                    0x0800427e   Section        2  use_no_semi_2.o(.text)
    .text                                    0x08004280   Section        0  heapauxi.o(.text)
    .text                                    0x08004286   Section        2  use_no_semi.o(.text)
    .text                                    0x08004288   Section        0  _rserrno.o(.text)
    .text                                    0x080042a0   Section        8  rt_errno_addr_intlibspace.o(.text)
    .text                                    0x080042a8   Section        8  libspace.o(.text)
    .text                                    0x080042b0   Section       74  sys_stackheap_outer.o(.text)
    .text                                    0x080042fa   Section        0  exit.o(.text)
    i.__ARM_fpclassify                       0x0800430c   Section        0  fpclassify.o(i.__ARM_fpclassify)
    i.__hardfp_fabs                          0x0800433c   Section        0  fabs.o(i.__hardfp_fabs)
    i.__hardfp_pow                           0x08004350   Section        0  pow.o(i.__hardfp_pow)
    i.__hardfp_sqrt                          0x08004fa0   Section        0  sqrt.o(i.__hardfp_sqrt)
    i.__kernel_poly                          0x0800501a   Section        0  poly.o(i.__kernel_poly)
    i.__mathlib_dbl_divzero                  0x08005118   Section        0  dunder.o(i.__mathlib_dbl_divzero)
    i.__mathlib_dbl_infnan2                  0x08005148   Section        0  dunder.o(i.__mathlib_dbl_infnan2)
    i.__mathlib_dbl_invalid                  0x08005160   Section        0  dunder.o(i.__mathlib_dbl_invalid)
    i.__mathlib_dbl_overflow                 0x08005180   Section        0  dunder.o(i.__mathlib_dbl_overflow)
    i.__mathlib_dbl_underflow                0x080051a0   Section        0  dunder.o(i.__mathlib_dbl_underflow)
    i.fabs                                   0x080051c0   Section        0  fabs.o(i.fabs)
    i.sqrt                                   0x080051d8   Section        0  sqrt.o(i.sqrt)
    x$fpl$basic                              0x08005246   Section       24  basic.o(x$fpl$basic)
    $v0                                      0x08005246   Number         0  basic.o(x$fpl$basic)
    x$fpl$d2f                                0x08005260   Section       98  d2f.o(x$fpl$d2f)
    $v0                                      0x08005260   Number         0  d2f.o(x$fpl$d2f)
    x$fpl$dadd                               0x080052c4   Section      336  daddsub_clz.o(x$fpl$dadd)
    $v0                                      0x080052c4   Number         0  daddsub_clz.o(x$fpl$dadd)
    _dadd1                                   0x080052d5   Thumb Code     0  daddsub_clz.o(x$fpl$dadd)
    x$fpl$dcheck1                            0x08005414   Section       16  dcheck1.o(x$fpl$dcheck1)
    $v0                                      0x08005414   Number         0  dcheck1.o(x$fpl$dcheck1)
    x$fpl$dcmpinf                            0x08005424   Section       24  dcmpi.o(x$fpl$dcmpinf)
    $v0                                      0x08005424   Number         0  dcmpi.o(x$fpl$dcmpinf)
    x$fpl$ddiv                               0x0800543c   Section      688  ddiv.o(x$fpl$ddiv)
    $v0                                      0x0800543c   Number         0  ddiv.o(x$fpl$ddiv)
    ddiv_entry                               0x08005443   Thumb Code     0  ddiv.o(x$fpl$ddiv)
    x$fpl$dflt                               0x080056ec   Section       46  dflt_clz.o(x$fpl$dflt)
    $v0                                      0x080056ec   Number         0  dflt_clz.o(x$fpl$dflt)
    x$fpl$dleqf                              0x0800571c   Section      120  dleqf.o(x$fpl$dleqf)
    $v0                                      0x0800571c   Number         0  dleqf.o(x$fpl$dleqf)
    x$fpl$dmul                               0x08005794   Section      340  dmul.o(x$fpl$dmul)
    $v0                                      0x08005794   Number         0  dmul.o(x$fpl$dmul)
    x$fpl$dnaninf                            0x080058e8   Section      156  dnaninf.o(x$fpl$dnaninf)
    $v0                                      0x080058e8   Number         0  dnaninf.o(x$fpl$dnaninf)
    x$fpl$dretinf                            0x08005984   Section       12  dretinf.o(x$fpl$dretinf)
    $v0                                      0x08005984   Number         0  dretinf.o(x$fpl$dretinf)
    x$fpl$drleqf                             0x08005990   Section      108  drleqf.o(x$fpl$drleqf)
    $v0                                      0x08005990   Number         0  drleqf.o(x$fpl$drleqf)
    x$fpl$drsb                               0x080059fc   Section       22  daddsub_clz.o(x$fpl$drsb)
    $v0                                      0x080059fc   Number         0  daddsub_clz.o(x$fpl$drsb)
    x$fpl$dsqrt                              0x08005a14   Section      408  dsqrt_umaal.o(x$fpl$dsqrt)
    $v0                                      0x08005a14   Number         0  dsqrt_umaal.o(x$fpl$dsqrt)
    x$fpl$dsub                               0x08005bac   Section      468  daddsub_clz.o(x$fpl$dsub)
    $v0                                      0x08005bac   Number         0  daddsub_clz.o(x$fpl$dsub)
    _dsub1                                   0x08005bbd   Thumb Code     0  daddsub_clz.o(x$fpl$dsub)
    x$fpl$f2d                                0x08005d80   Section       86  f2d.o(x$fpl$f2d)
    $v0                                      0x08005d80   Number         0  f2d.o(x$fpl$f2d)
    x$fpl$fnaninf                            0x08005dd6   Section      140  fnaninf.o(x$fpl$fnaninf)
    $v0                                      0x08005dd6   Number         0  fnaninf.o(x$fpl$fnaninf)
    x$fpl$fpinit                             0x08005e62   Section       10  fpinit.o(x$fpl$fpinit)
    $v0                                      0x08005e62   Number         0  fpinit.o(x$fpl$fpinit)
    x$fpl$fretinf                            0x08005e6c   Section       10  fretinf.o(x$fpl$fretinf)
    $v0                                      0x08005e6c   Number         0  fretinf.o(x$fpl$fretinf)
    x$fpl$retnan                             0x08005e76   Section      100  retnan.o(x$fpl$retnan)
    $v0                                      0x08005e76   Number         0  retnan.o(x$fpl$retnan)
    x$fpl$scalbn                             0x08005eda   Section       92  scalbn.o(x$fpl$scalbn)
    $v0                                      0x08005eda   Number         0  scalbn.o(x$fpl$scalbn)
    x$fpl$trapveneer                         0x08005f36   Section       48  trapv.o(x$fpl$trapveneer)
    $v0                                      0x08005f36   Number         0  trapv.o(x$fpl$trapveneer)
    .constdata                               0x08005f66   Section     2048  arm_common_tables.o(.constdata)
    x$fpl$usenofp                            0x08005f66   Section        0  usenofp.o(x$fpl$usenofp)
    .constdata                               0x08006768   Section    32768  arm_common_tables.o(.constdata)
    .constdata                               0x0800e768   Section      136  pow.o(.constdata)
    bp                                       0x0800e768   Data          16  pow.o(.constdata)
    dp_h                                     0x0800e778   Data          16  pow.o(.constdata)
    dp_l                                     0x0800e788   Data          16  pow.o(.constdata)
    L                                        0x0800e798   Data          48  pow.o(.constdata)
    P                                        0x0800e7c8   Data          40  pow.o(.constdata)
    .constdata                               0x0800e7f0   Section        8  qnan.o(.constdata)
    .data                                    0x20000000   Section       25  main.o(.data)
    .data                                    0x2000001c   Section       20  system_stm32f4xx.o(.data)
    .data                                    0x20000030   Section        4  delay.o(.data)
    fac_us                                   0x20000030   Data           1  delay.o(.data)
    fac_ms                                   0x20000032   Data           2  delay.o(.data)
    .data                                    0x20000034   Section       16  stm32f4xx_rcc.o(.data)
    APBAHBPrescTable                         0x20000034   Data          16  stm32f4xx_rcc.o(.data)
    .bss                                     0x20000044   Section    54228  main.o(.bss)
    .bss                                     0x2000d418   Section       96  libspace.o(.bss)
    HEAP                                     0x2000d478   Section      512  startup_stm32f40_41xxx.o(HEAP)
    Heap_Mem                                 0x2000d478   Data         512  startup_stm32f40_41xxx.o(HEAP)
    STACK                                    0x2000d678   Section     1024  startup_stm32f40_41xxx.o(STACK)
    Stack_Mem                                0x2000d678   Data        1024  startup_stm32f40_41xxx.o(STACK)
    __initial_sp                             0x2000da78   Data           0  startup_stm32f40_41xxx.o(STACK)

    Global Symbols

    Symbol Name                              Value     Ov Type        Size  Object(Section)

    BuildAttributes$$THM_ISAv4$E$P$D$K$B$S$7EM$VFPi3$EXTD16$VFPS$VFMA$PE$A:L22UL41UL21$X:L11$S22US41US21$IEEE1$IW$USESV6$~STKCKD$USESV7$~SHL$OTIME$ROPI$IEEEX$EBA8$UX$STANDARDLIB$REQ8$PRES8$EABIv2 0x00000000   Number         0  anon$$obj.o ABSOLUTE
    __ARM_use_no_argv                        0x00000000   Number         0  main.o ABSOLUTE
    __ARM_exceptions_init                     - Undefined Weak Reference
    __alloca_initialize                       - Undefined Weak Reference
    __arm_preinit_                            - Undefined Weak Reference
    __cpp_initialize__aeabi_                  - Undefined Weak Reference
    __cxa_finalize                            - Undefined Weak Reference
    __rt_locale                               - Undefined Weak Reference
    __sigvec_lookup                           - Undefined Weak Reference
    _atexit_init                              - Undefined Weak Reference
    _call_atexit_fns                          - Undefined Weak Reference
    _clock_init                               - Undefined Weak Reference
    _fp_trap_init                             - Undefined Weak Reference
    _fp_trap_shutdown                         - Undefined Weak Reference
    _get_lc_collate                           - Undefined Weak Reference
    _get_lc_ctype                             - Undefined Weak Reference
    _get_lc_monetary                          - Undefined Weak Reference
    _get_lc_numeric                           - Undefined Weak Reference
    _get_lc_time                              - Undefined Weak Reference
    _getenv_init                              - Undefined Weak Reference
    _handle_redirection                       - Undefined Weak Reference
    _init_alloc                               - Undefined Weak Reference
    _init_user_alloc                          - Undefined Weak Reference
    _initio                                   - Undefined Weak Reference
    _rand_init                                - Undefined Weak Reference
    _signal_finish                            - Undefined Weak Reference
    _signal_init                              - Undefined Weak Reference
    _terminate_alloc                          - Undefined Weak Reference
    _terminate_user_alloc                     - Undefined Weak Reference
    _terminateio                              - Undefined Weak Reference
    __Vectors_Size                           0x00000188   Number         0  startup_stm32f40_41xxx.o ABSOLUTE
    __Vectors                                0x08000000   Data           4  startup_stm32f40_41xxx.o(RESET)
    __Vectors_End                            0x08000188   Data           0  startup_stm32f40_41xxx.o(RESET)
    __main                                   0x08000189   Thumb Code     8  __main.o(!!!main)
    __scatterload                            0x08000191   Thumb Code     0  __scatter.o(!!!scatter)
    __scatterload_rt2                        0x08000191   Thumb Code    44  __scatter.o(!!!scatter)
    __scatterload_rt2_thumb_only             0x08000191   Thumb Code     0  __scatter.o(!!!scatter)
    __scatterload_null                       0x0800019f   Thumb Code     0  __scatter.o(!!!scatter)
    __scatterload_copy                       0x080001c5   Thumb Code    26  __scatter_copy.o(!!handler_copy)
    __scatterload_zeroinit                   0x080001e1   Thumb Code    28  __scatter_zi.o(!!handler_zi)
    __rt_lib_init                            0x080001fd   Thumb Code     0  libinit.o(.ARM.Collect$$libinit$$00000000)
    __rt_lib_init_fp_1                       0x080001ff   Thumb Code     0  libinit2.o(.ARM.Collect$$libinit$$00000001)
    __rt_lib_init_alloca_1                   0x08000203   Thumb Code     0  libinit2.o(.ARM.Collect$$libinit$$0000002E)
    __rt_lib_init_argv_1                     0x08000203   Thumb Code     0  libinit2.o(.ARM.Collect$$libinit$$0000002C)
    __rt_lib_init_atexit_1                   0x08000203   Thumb Code     0  libinit2.o(.ARM.Collect$$libinit$$0000001B)
    __rt_lib_init_clock_1                    0x08000203   Thumb Code     0  libinit2.o(.ARM.Collect$$libinit$$00000021)
    __rt_lib_init_cpp_1                      0x08000203   Thumb Code     0  libinit2.o(.ARM.Collect$$libinit$$00000032)
    __rt_lib_init_exceptions_1               0x08000203   Thumb Code     0  libinit2.o(.ARM.Collect$$libinit$$00000030)
    __rt_lib_init_fp_trap_1                  0x08000203   Thumb Code     0  libinit2.o(.ARM.Collect$$libinit$$0000001F)
    __rt_lib_init_getenv_1                   0x08000203   Thumb Code     0  libinit2.o(.ARM.Collect$$libinit$$00000023)
    __rt_lib_init_heap_1                     0x08000203   Thumb Code     0  libinit2.o(.ARM.Collect$$libinit$$0000000A)
    __rt_lib_init_lc_collate_1               0x08000203   Thumb Code     0  libinit2.o(.ARM.Collect$$libinit$$00000011)
    __rt_lib_init_lc_ctype_1                 0x08000203   Thumb Code     0  libinit2.o(.ARM.Collect$$libinit$$00000013)
    __rt_lib_init_lc_monetary_1              0x08000203   Thumb Code     0  libinit2.o(.ARM.Collect$$libinit$$00000015)
    __rt_lib_init_lc_numeric_1               0x08000203   Thumb Code     0  libinit2.o(.ARM.Collect$$libinit$$00000017)
    __rt_lib_init_lc_time_1                  0x08000203   Thumb Code     0  libinit2.o(.ARM.Collect$$libinit$$00000019)
    __rt_lib_init_preinit_1                  0x08000203   Thumb Code     0  libinit2.o(.ARM.Collect$$libinit$$00000004)
    __rt_lib_init_rand_1                     0x08000203   Thumb Code     0  libinit2.o(.ARM.Collect$$libinit$$0000000E)
    __rt_lib_init_return                     0x08000203   Thumb Code     0  libinit2.o(.ARM.Collect$$libinit$$00000033)
    __rt_lib_init_signal_1                   0x08000203   Thumb Code     0  libinit2.o(.ARM.Collect$$libinit$$0000001D)
    __rt_lib_init_stdio_1                    0x08000203   Thumb Code     0  libinit2.o(.ARM.Collect$$libinit$$00000025)
    __rt_lib_init_user_alloc_1               0x08000203   Thumb Code     0  libinit2.o(.ARM.Collect$$libinit$$0000000C)
    __rt_lib_shutdown                        0x08000205   Thumb Code     0  libshutdown.o(.ARM.Collect$$libshutdown$$00000000)
    __rt_lib_shutdown_cpp_1                  0x08000207   Thumb Code     0  libshutdown2.o(.ARM.Collect$$libshutdown$$00000002)
    __rt_lib_shutdown_fp_trap_1              0x08000207   Thumb Code     0  libshutdown2.o(.ARM.Collect$$libshutdown$$00000007)
    __rt_lib_shutdown_heap_1                 0x08000207   Thumb Code     0  libshutdown2.o(.ARM.Collect$$libshutdown$$0000000F)
    __rt_lib_shutdown_return                 0x08000207   Thumb Code     0  libshutdown2.o(.ARM.Collect$$libshutdown$$00000010)
    __rt_lib_shutdown_signal_1               0x08000207   Thumb Code     0  libshutdown2.o(.ARM.Collect$$libshutdown$$0000000A)
    __rt_lib_shutdown_stdio_1                0x08000207   Thumb Code     0  libshutdown2.o(.ARM.Collect$$libshutdown$$00000004)
    __rt_lib_shutdown_user_alloc_1           0x08000207   Thumb Code     0  libshutdown2.o(.ARM.Collect$$libshutdown$$0000000C)
    __rt_entry                               0x08000209   Thumb Code     0  __rtentry.o(.ARM.Collect$$rtentry$$00000000)
    __rt_entry_presh_1                       0x08000209   Thumb Code     0  __rtentry2.o(.ARM.Collect$$rtentry$$00000002)
    __rt_entry_sh                            0x08000209   Thumb Code     0  __rtentry4.o(.ARM.Collect$$rtentry$$00000004)
    __rt_entry_li                            0x0800020f   Thumb Code     0  __rtentry2.o(.ARM.Collect$$rtentry$$0000000A)
    __rt_entry_postsh_1                      0x0800020f   Thumb Code     0  __rtentry2.o(.ARM.Collect$$rtentry$$00000009)
    __rt_entry_main                          0x08000213   Thumb Code     0  __rtentry2.o(.ARM.Collect$$rtentry$$0000000D)
    __rt_entry_postli_1                      0x08000213   Thumb Code     0  __rtentry2.o(.ARM.Collect$$rtentry$$0000000C)
    __rt_exit                                0x0800021b   Thumb Code     0  rtexit.o(.ARM.Collect$$rtexit$$00000000)
    __rt_exit_ls                             0x0800021d   Thumb Code     0  rtexit2.o(.ARM.Collect$$rtexit$$00000003)
    __rt_exit_prels_1                        0x0800021d   Thumb Code     0  rtexit2.o(.ARM.Collect$$rtexit$$00000002)
    __rt_exit_exit                           0x08000221   Thumb Code     0  rtexit2.o(.ARM.Collect$$rtexit$$00000004)
    ADC_Configuration                        0x08000229   Thumb Code   128  main.o(.text)
    TIM2_Configuration                       0x08000309   Thumb Code    56  main.o(.text)
    NVIC_Configuration                       0x08000341   Thumb Code    32  main.o(.text)
    GPIO_Configuration                       0x08000361   Thumb Code    26  main.o(.text)
    RCC_Configuration                        0x0800037b   Thumb Code    44  main.o(.text)
    main                                     0x080003a7   Thumb Code  2274  main.o(.text)
    DMA2_Stream0_IRQHandler                  0x08000c89   Thumb Code   848  main.o(.text)
    NMI_Handler                              0x08000fe5   Thumb Code     2  stm32f4xx_it.o(.text)
    HardFault_Handler                        0x08000fe7   Thumb Code     4  stm32f4xx_it.o(.text)
    MemManage_Handler                        0x08000feb   Thumb Code     4  stm32f4xx_it.o(.text)
    BusFault_Handler                         0x08000fef   Thumb Code     4  stm32f4xx_it.o(.text)
    UsageFault_Handler                       0x08000ff3   Thumb Code     4  stm32f4xx_it.o(.text)
    SVC_Handler                              0x08000ff7   Thumb Code     2  stm32f4xx_it.o(.text)
    DebugMon_Handler                         0x08000ff9   Thumb Code     2  stm32f4xx_it.o(.text)
    PendSV_Handler                           0x08000ffb   Thumb Code     2  stm32f4xx_it.o(.text)
    SysTick_Handler                          0x08000ffd   Thumb Code     2  stm32f4xx_it.o(.text)
    SystemInit                               0x080010dd   Thumb Code    88  system_stm32f4xx.o(.text)
    SystemCoreClockUpdate                    0x08001135   Thumb Code   174  system_stm32f4xx.o(.text)
    MYDMA_Config                             0x08001211   Thumb Code   126  dma.o(.text)
    MYDMA_Enable                             0x0800128f   Thumb Code    44  dma.o(.text)
    delay_init                               0x080012c1   Thumb Code    52  delay.o(.text)
    delay_us                                 0x080012f5   Thumb Code    72  delay.o(.text)
    delay_xms                                0x0800133d   Thumb Code    72  delay.o(.text)
    delay_ms                                 0x08001385   Thumb Code    56  delay.o(.text)
    _sys_exit                                0x080013c5   Thumb Code     6  usart.o(.text)
    fputc                                    0x080013cb   Thumb Code    22  usart.o(.text)
    uart_init                                0x080013e1   Thumb Code   170  usart.o(.text)
    USART1_IRQHandler                        0x0800148b   Thumb Code    26  usart.o(.text)
    TIM3_Int_Init                            0x080014b1   Thumb Code    88  timer.o(.text)
    TIM3_IRQHandler                          0x08001509   Thumb Code    34  timer.o(.text)
    Reset_Handler                            0x08001535   Thumb Code     8  startup_stm32f40_41xxx.o(.text)
    ADC_IRQHandler                           0x0800154f   Thumb Code     0  startup_stm32f40_41xxx.o(.text)
    CAN1_RX0_IRQHandler                      0x0800154f   Thumb Code     0  startup_stm32f40_41xxx.o(.text)
    CAN1_RX1_IRQHandler                      0x0800154f   Thumb Code     0  startup_stm32f40_41xxx.o(.text)
    CAN1_SCE_IRQHandler                      0x0800154f   Thumb Code     0  startup_stm32f40_41xxx.o(.text)
    CAN1_TX_IRQHandler                       0x0800154f   Thumb Code     0  startup_stm32f40_41xxx.o(.text)
    CAN2_RX0_IRQHandler                      0x0800154f   Thumb Code     0  startup_stm32f40_41xxx.o(.text)
    CAN2_RX1_IRQHandler                      0x0800154f   Thumb Code     0  startup_stm32f40_41xxx.o(.text)
    CAN2_SCE_IRQHandler                      0x0800154f   Thumb Code     0  startup_stm32f40_41xxx.o(.text)
    CAN2_TX_IRQHandler                       0x0800154f   Thumb Code     0  startup_stm32f40_41xxx.o(.text)
    CRYP_IRQHandler                          0x0800154f   Thumb Code     0  startup_stm32f40_41xxx.o(.text)
    DCMI_IRQHandler                          0x0800154f   Thumb Code     0  startup_stm32f40_41xxx.o(.text)
    DMA1_Stream0_IRQHandler                  0x0800154f   Thumb Code     0  startup_stm32f40_41xxx.o(.text)
    DMA1_Stream1_IRQHandler                  0x0800154f   Thumb Code     0  startup_stm32f40_41xxx.o(.text)
    DMA1_Stream2_IRQHandler                  0x0800154f   Thumb Code     0  startup_stm32f40_41xxx.o(.text)
    DMA1_Stream3_IRQHandler                  0x0800154f   Thumb Code     0  startup_stm32f40_41xxx.o(.text)
    DMA1_Stream4_IRQHandler                  0x0800154f   Thumb Code     0  startup_stm32f40_41xxx.o(.text)
    DMA1_Stream5_IRQHandler                  0x0800154f   Thumb Code     0  startup_stm32f40_41xxx.o(.text)
    DMA1_Stream6_IRQHandler                  0x0800154f   Thumb Code     0  startup_stm32f40_41xxx.o(.text)
    DMA1_Stream7_IRQHandler                  0x0800154f   Thumb Code     0  startup_stm32f40_41xxx.o(.text)
    DMA2_Stream1_IRQHandler                  0x0800154f   Thumb Code     0  startup_stm32f40_41xxx.o(.text)
    DMA2_Stream2_IRQHandler                  0x0800154f   Thumb Code     0  startup_stm32f40_41xxx.o(.text)
    DMA2_Stream3_IRQHandler                  0x0800154f   Thumb Code     0  startup_stm32f40_41xxx.o(.text)
    DMA2_Stream4_IRQHandler                  0x0800154f   Thumb Code     0  startup_stm32f40_41xxx.o(.text)
    DMA2_Stream5_IRQHandler                  0x0800154f   Thumb Code     0  startup_stm32f40_41xxx.o(.text)
    DMA2_Stream6_IRQHandler                  0x0800154f   Thumb Code     0  startup_stm32f40_41xxx.o(.text)
    DMA2_Stream7_IRQHandler                  0x0800154f   Thumb Code     0  startup_stm32f40_41xxx.o(.text)
    ETH_IRQHandler                           0x0800154f   Thumb Code     0  startup_stm32f40_41xxx.o(.text)
    ETH_WKUP_IRQHandler                      0x0800154f   Thumb Code     0  startup_stm32f40_41xxx.o(.text)
    EXTI0_IRQHandler                         0x0800154f   Thumb Code     0  startup_stm32f40_41xxx.o(.text)
    EXTI15_10_IRQHandler                     0x0800154f   Thumb Code     0  startup_stm32f40_41xxx.o(.text)
    EXTI1_IRQHandler                         0x0800154f   Thumb Code     0  startup_stm32f40_41xxx.o(.text)
    EXTI2_IRQHandler                         0x0800154f   Thumb Code     0  startup_stm32f40_41xxx.o(.text)
    EXTI3_IRQHandler                         0x0800154f   Thumb Code     0  startup_stm32f40_41xxx.o(.text)
    EXTI4_IRQHandler                         0x0800154f   Thumb Code     0  startup_stm32f40_41xxx.o(.text)
    EXTI9_5_IRQHandler                       0x0800154f   Thumb Code     0  startup_stm32f40_41xxx.o(.text)
    FLASH_IRQHandler                         0x0800154f   Thumb Code     0  startup_stm32f40_41xxx.o(.text)
    FPU_IRQHandler                           0x0800154f   Thumb Code     0  startup_stm32f40_41xxx.o(.text)
    FSMC_IRQHandler                          0x0800154f   Thumb Code     0  startup_stm32f40_41xxx.o(.text)
    HASH_RNG_IRQHandler                      0x0800154f   Thumb Code     0  startup_stm32f40_41xxx.o(.text)
    I2C1_ER_IRQHandler                       0x0800154f   Thumb Code     0  startup_stm32f40_41xxx.o(.text)
    I2C1_EV_IRQHandler                       0x0800154f   Thumb Code     0  startup_stm32f40_41xxx.o(.text)
    I2C2_ER_IRQHandler                       0x0800154f   Thumb Code     0  startup_stm32f40_41xxx.o(.text)
    I2C2_EV_IRQHandler                       0x0800154f   Thumb Code     0  startup_stm32f40_41xxx.o(.text)
    I2C3_ER_IRQHandler                       0x0800154f   Thumb Code     0  startup_stm32f40_41xxx.o(.text)
    I2C3_EV_IRQHandler                       0x0800154f   Thumb Code     0  startup_stm32f40_41xxx.o(.text)
    OTG_FS_IRQHandler                        0x0800154f   Thumb Code     0  startup_stm32f40_41xxx.o(.text)
    OTG_FS_WKUP_IRQHandler                   0x0800154f   Thumb Code     0  startup_stm32f40_41xxx.o(.text)
    OTG_HS_EP1_IN_IRQHandler                 0x0800154f   Thumb Code     0  startup_stm32f40_41xxx.o(.text)
    OTG_HS_EP1_OUT_IRQHandler                0x0800154f   Thumb Code     0  startup_stm32f40_41xxx.o(.text)
    OTG_HS_IRQHandler                        0x0800154f   Thumb Code     0  startup_stm32f40_41xxx.o(.text)
    OTG_HS_WKUP_IRQHandler                   0x0800154f   Thumb Code     0  startup_stm32f40_41xxx.o(.text)
    PVD_IRQHandler                           0x0800154f   Thumb Code     0  startup_stm32f40_41xxx.o(.text)
    RCC_IRQHandler                           0x0800154f   Thumb Code     0  startup_stm32f40_41xxx.o(.text)
    RTC_Alarm_IRQHandler                     0x0800154f   Thumb Code     0  startup_stm32f40_41xxx.o(.text)
    RTC_WKUP_IRQHandler                      0x0800154f   Thumb Code     0  startup_stm32f40_41xxx.o(.text)
    SDIO_IRQHandler                          0x0800154f   Thumb Code     0  startup_stm32f40_41xxx.o(.text)
    SPI1_IRQHandler                          0x0800154f   Thumb Code     0  startup_stm32f40_41xxx.o(.text)
    SPI2_IRQHandler                          0x0800154f   Thumb Code     0  startup_stm32f40_41xxx.o(.text)
    SPI3_IRQHandler                          0x0800154f   Thumb Code     0  startup_stm32f40_41xxx.o(.text)
    TAMP_STAMP_IRQHandler                    0x0800154f   Thumb Code     0  startup_stm32f40_41xxx.o(.text)
    TIM1_BRK_TIM9_IRQHandler                 0x0800154f   Thumb Code     0  startup_stm32f40_41xxx.o(.text)
    TIM1_CC_IRQHandler                       0x0800154f   Thumb Code     0  startup_stm32f40_41xxx.o(.text)
    TIM1_TRG_COM_TIM11_IRQHandler            0x0800154f   Thumb Code     0  startup_stm32f40_41xxx.o(.text)
    TIM1_UP_TIM10_IRQHandler                 0x0800154f   Thumb Code     0  startup_stm32f40_41xxx.o(.text)
    TIM2_IRQHandler                          0x0800154f   Thumb Code     0  startup_stm32f40_41xxx.o(.text)
    TIM4_IRQHandler                          0x0800154f   Thumb Code     0  startup_stm32f40_41xxx.o(.text)
    TIM5_IRQHandler                          0x0800154f   Thumb Code     0  startup_stm32f40_41xxx.o(.text)
    TIM6_DAC_IRQHandler                      0x0800154f   Thumb Code     0  startup_stm32f40_41xxx.o(.text)
    TIM7_IRQHandler                          0x0800154f   Thumb Code     0  startup_stm32f40_41xxx.o(.text)
    TIM8_BRK_TIM12_IRQHandler                0x0800154f   Thumb Code     0  startup_stm32f40_41xxx.o(.text)
    TIM8_CC_IRQHandler                       0x0800154f   Thumb Code     0  startup_stm32f40_41xxx.o(.text)
    TIM8_TRG_COM_TIM14_IRQHandler            0x0800154f   Thumb Code     0  startup_stm32f40_41xxx.o(.text)
    TIM8_UP_TIM13_IRQHandler                 0x0800154f   Thumb Code     0  startup_stm32f40_41xxx.o(.text)
    UART4_IRQHandler                         0x0800154f   Thumb Code     0  startup_stm32f40_41xxx.o(.text)
    UART5_IRQHandler                         0x0800154f   Thumb Code     0  startup_stm32f40_41xxx.o(.text)
    USART2_IRQHandler                        0x0800154f   Thumb Code     0  startup_stm32f40_41xxx.o(.text)
    USART3_IRQHandler                        0x0800154f   Thumb Code     0  startup_stm32f40_41xxx.o(.text)
    USART6_IRQHandler                        0x0800154f   Thumb Code     0  startup_stm32f40_41xxx.o(.text)
    WWDG_IRQHandler                          0x0800154f   Thumb Code     0  startup_stm32f40_41xxx.o(.text)
    __user_initial_stackheap                 0x08001551   Thumb Code     0  startup_stm32f40_41xxx.o(.text)
    NVIC_PriorityGroupConfig                 0x08001575   Thumb Code    10  misc.o(.text)
    NVIC_Init                                0x0800157f   Thumb Code   106  misc.o(.text)
    NVIC_SetVectorTable                      0x080015e9   Thumb Code    14  misc.o(.text)
    NVIC_SystemLPConfig                      0x080015f7   Thumb Code    34  misc.o(.text)
    SysTick_CLKSourceConfig                  0x08001619   Thumb Code    40  misc.o(.text)
    DMA_DeInit                               0x08001655   Thumb Code   324  stm32f4xx_dma.o(.text)
    DMA_Init                                 0x08001799   Thumb Code    82  stm32f4xx_dma.o(.text)
    DMA_StructInit                           0x080017eb   Thumb Code    34  stm32f4xx_dma.o(.text)
    DMA_Cmd                                  0x0800180d   Thumb Code    22  stm32f4xx_dma.o(.text)
    DMA_PeriphIncOffsetSizeConfig            0x08001823   Thumb Code    22  stm32f4xx_dma.o(.text)
    DMA_FlowControllerConfig                 0x08001839   Thumb Code    22  stm32f4xx_dma.o(.text)
    DMA_SetCurrDataCounter                   0x0800184f   Thumb Code     4  stm32f4xx_dma.o(.text)
    DMA_GetCurrDataCounter                   0x08001853   Thumb Code     8  stm32f4xx_dma.o(.text)
    DMA_DoubleBufferModeConfig               0x0800185b   Thumb Code    24  stm32f4xx_dma.o(.text)
    DMA_DoubleBufferModeCmd                  0x08001873   Thumb Code    22  stm32f4xx_dma.o(.text)
    DMA_MemoryTargetConfig                   0x08001889   Thumb Code    10  stm32f4xx_dma.o(.text)
    DMA_GetCurrentMemoryTarget               0x08001893   Thumb Code    20  stm32f4xx_dma.o(.text)
    DMA_GetCmdStatus                         0x080018a7   Thumb Code    20  stm32f4xx_dma.o(.text)
    DMA_GetFIFOStatus                        0x080018bb   Thumb Code    12  stm32f4xx_dma.o(.text)
    DMA_GetFlagStatus                        0x080018c7   Thumb Code    56  stm32f4xx_dma.o(.text)
    DMA_ClearFlag                            0x080018ff   Thumb Code    40  stm32f4xx_dma.o(.text)
    DMA_ITConfig                             0x08001927   Thumb Code    58  stm32f4xx_dma.o(.text)
    DMA_GetITStatus                          0x08001961   Thumb Code    84  stm32f4xx_dma.o(.text)
    DMA_ClearITPendingBit                    0x080019b5   Thumb Code    40  stm32f4xx_dma.o(.text)
    GPIO_DeInit                              0x080019fd   Thumb Code   268  stm32f4xx_gpio.o(.text)
    GPIO_Init                                0x08001b09   Thumb Code   144  stm32f4xx_gpio.o(.text)
    GPIO_StructInit                          0x08001b99   Thumb Code    18  stm32f4xx_gpio.o(.text)
    GPIO_PinLockConfig                       0x08001bab   Thumb Code    34  stm32f4xx_gpio.o(.text)
    GPIO_ReadInputDataBit                    0x08001bcd   Thumb Code    18  stm32f4xx_gpio.o(.text)
    GPIO_ReadInputData                       0x08001bdf   Thumb Code     8  stm32f4xx_gpio.o(.text)
    GPIO_ReadOutputDataBit                   0x08001be7   Thumb Code    18  stm32f4xx_gpio.o(.text)
    GPIO_ReadOutputData                      0x08001bf9   Thumb Code     8  stm32f4xx_gpio.o(.text)
    GPIO_SetBits                             0x08001c01   Thumb Code     4  stm32f4xx_gpio.o(.text)
    GPIO_ResetBits                           0x08001c05   Thumb Code     4  stm32f4xx_gpio.o(.text)
    GPIO_WriteBit                            0x08001c09   Thumb Code    10  stm32f4xx_gpio.o(.text)
    GPIO_Write                               0x08001c13   Thumb Code     4  stm32f4xx_gpio.o(.text)
    GPIO_ToggleBits                          0x08001c17   Thumb Code     8  stm32f4xx_gpio.o(.text)
    GPIO_PinAFConfig                         0x08001c1f   Thumb Code    70  stm32f4xx_gpio.o(.text)
    USART_DeInit                             0x08001c91   Thumb Code   206  stm32f4xx_usart.o(.text)
    USART_Init                               0x08001d5f   Thumb Code   204  stm32f4xx_usart.o(.text)
    USART_StructInit                         0x08001e2b   Thumb Code    24  stm32f4xx_usart.o(.text)
    USART_ClockInit                          0x08001e43   Thumb Code    32  stm32f4xx_usart.o(.text)
    USART_ClockStructInit                    0x08001e63   Thumb Code    12  stm32f4xx_usart.o(.text)
    USART_Cmd                                0x08001e6f   Thumb Code    24  stm32f4xx_usart.o(.text)
    USART_SetPrescaler                       0x08001e87   Thumb Code    16  stm32f4xx_usart.o(.text)
    USART_OverSampling8Cmd                   0x08001e97   Thumb Code    22  stm32f4xx_usart.o(.text)
    USART_OneBitMethodCmd                    0x08001ead   Thumb Code    24  stm32f4xx_usart.o(.text)
    USART_SendData                           0x08001ec5   Thumb Code     8  stm32f4xx_usart.o(.text)
    USART_ReceiveData                        0x08001ecd   Thumb Code    10  stm32f4xx_usart.o(.text)
    USART_SetAddress                         0x08001ed7   Thumb Code    18  stm32f4xx_usart.o(.text)
    USART_ReceiverWakeUpCmd                  0x08001ee9   Thumb Code    24  stm32f4xx_usart.o(.text)
    USART_WakeUpConfig                       0x08001f01   Thumb Code    18  stm32f4xx_usart.o(.text)
    USART_LINBreakDetectLengthConfig         0x08001f13   Thumb Code    18  stm32f4xx_usart.o(.text)
    USART_LINCmd                             0x08001f25   Thumb Code    24  stm32f4xx_usart.o(.text)
    USART_SendBreak                          0x08001f3d   Thumb Code    10  stm32f4xx_usart.o(.text)
    USART_HalfDuplexCmd                      0x08001f47   Thumb Code    24  stm32f4xx_usart.o(.text)
    USART_SetGuardTime                       0x08001f5f   Thumb Code    16  stm32f4xx_usart.o(.text)
    USART_SmartCardCmd                       0x08001f6f   Thumb Code    24  stm32f4xx_usart.o(.text)
    USART_SmartCardNACKCmd                   0x08001f87   Thumb Code    24  stm32f4xx_usart.o(.text)
    USART_IrDAConfig                         0x08001f9f   Thumb Code    18  stm32f4xx_usart.o(.text)
    USART_IrDACmd                            0x08001fb1   Thumb Code    24  stm32f4xx_usart.o(.text)
    USART_DMACmd                             0x08001fc9   Thumb Code    18  stm32f4xx_usart.o(.text)
    USART_ITConfig                           0x08001fdb   Thumb Code    74  stm32f4xx_usart.o(.text)
    USART_GetFlagStatus                      0x08002025   Thumb Code    26  stm32f4xx_usart.o(.text)
    USART_ClearFlag                          0x0800203f   Thumb Code    18  stm32f4xx_usart.o(.text)
    USART_GetITStatus                        0x08002051   Thumb Code   118  stm32f4xx_usart.o(.text)
    USART_ClearITPendingBit                  0x080020c7   Thumb Code    30  stm32f4xx_usart.o(.text)
    RCC_DeInit                               0x080020e5   Thumb Code    82  stm32f4xx_rcc.o(.text)
    RCC_HSEConfig                            0x08002137   Thumb Code    14  stm32f4xx_rcc.o(.text)
    RCC_GetFlagStatus                        0x08002145   Thumb Code    60  stm32f4xx_rcc.o(.text)
    RCC_WaitForHSEStartUp                    0x08002181   Thumb Code    56  stm32f4xx_rcc.o(.text)
    RCC_AdjustHSICalibrationValue            0x080021b9   Thumb Code    20  stm32f4xx_rcc.o(.text)
    RCC_HSICmd                               0x080021cd   Thumb Code     6  stm32f4xx_rcc.o(.text)
    RCC_LSEConfig                            0x080021d3   Thumb Code    46  stm32f4xx_rcc.o(.text)
    RCC_LSICmd                               0x08002201   Thumb Code     6  stm32f4xx_rcc.o(.text)
    RCC_PLLConfig                            0x08002207   Thumb Code    32  stm32f4xx_rcc.o(.text)
    RCC_PLLCmd                               0x08002227   Thumb Code     6  stm32f4xx_rcc.o(.text)
    RCC_PLLI2SConfig                         0x0800222d   Thumb Code    14  stm32f4xx_rcc.o(.text)
    RCC_PLLI2SCmd                            0x0800223b   Thumb Code     6  stm32f4xx_rcc.o(.text)
    RCC_PLLSAIConfig                         0x08002241   Thumb Code    20  stm32f4xx_rcc.o(.text)
    RCC_PLLSAICmd                            0x08002255   Thumb Code     6  stm32f4xx_rcc.o(.text)
    RCC_ClockSecuritySystemCmd               0x0800225b   Thumb Code     6  stm32f4xx_rcc.o(.text)
    RCC_MCO1Config                           0x08002261   Thumb Code    28  stm32f4xx_rcc.o(.text)
    RCC_MCO2Config                           0x0800227d   Thumb Code    28  stm32f4xx_rcc.o(.text)
    RCC_SYSCLKConfig                         0x08002299   Thumb Code    20  stm32f4xx_rcc.o(.text)
    RCC_GetSYSCLKSource                      0x080022ad   Thumb Code    12  stm32f4xx_rcc.o(.text)
    RCC_HCLKConfig                           0x080022b9   Thumb Code    20  stm32f4xx_rcc.o(.text)
    RCC_PCLK1Config                          0x080022cd   Thumb Code    20  stm32f4xx_rcc.o(.text)
    RCC_PCLK2Config                          0x080022e1   Thumb Code    22  stm32f4xx_rcc.o(.text)
    RCC_GetClocksFreq                        0x080022f7   Thumb Code   222  stm32f4xx_rcc.o(.text)
    RCC_RTCCLKConfig                         0x080023d5   Thumb Code    54  stm32f4xx_rcc.o(.text)
    RCC_RTCCLKCmd                            0x0800240b   Thumb Code     8  stm32f4xx_rcc.o(.text)
    RCC_BackupResetCmd                       0x08002413   Thumb Code     8  stm32f4xx_rcc.o(.text)
    RCC_I2SCLKConfig                         0x0800241b   Thumb Code     6  stm32f4xx_rcc.o(.text)
    RCC_SAIPLLI2SClkDivConfig                0x08002421   Thumb Code    26  stm32f4xx_rcc.o(.text)
    RCC_SAIPLLSAIClkDivConfig                0x0800243b   Thumb Code    28  stm32f4xx_rcc.o(.text)
    RCC_SAIBlockACLKConfig                   0x08002457   Thumb Code    20  stm32f4xx_rcc.o(.text)
    RCC_SAIBlockBCLKConfig                   0x0800246b   Thumb Code    20  stm32f4xx_rcc.o(.text)
    RCC_LTDCCLKDivConfig                     0x0800247f   Thumb Code    20  stm32f4xx_rcc.o(.text)
    RCC_TIMCLKPresConfig                     0x08002493   Thumb Code     6  stm32f4xx_rcc.o(.text)
    RCC_AHB1PeriphClockCmd                   0x08002499   Thumb Code    34  stm32f4xx_rcc.o(.text)
    RCC_AHB2PeriphClockCmd                   0x080024bb   Thumb Code    78  stm32f4xx_rcc.o(.text)
    RCC_AHB3PeriphClockCmd                   0x08002509   Thumb Code    34  stm32f4xx_rcc.o(.text)
    RCC_APB1PeriphClockCmd                   0x0800252b   Thumb Code    34  stm32f4xx_rcc.o(.text)
    RCC_APB2PeriphClockCmd                   0x0800254d   Thumb Code    34  stm32f4xx_rcc.o(.text)
    RCC_AHB1PeriphResetCmd                   0x0800256f   Thumb Code    34  stm32f4xx_rcc.o(.text)
    RCC_AHB2PeriphResetCmd                   0x08002591   Thumb Code    34  stm32f4xx_rcc.o(.text)
    RCC_AHB3PeriphResetCmd                   0x080025b3   Thumb Code    34  stm32f4xx_rcc.o(.text)
    RCC_APB1PeriphResetCmd                   0x080025d5   Thumb Code    34  stm32f4xx_rcc.o(.text)
    RCC_APB2PeriphResetCmd                   0x080025f7   Thumb Code    34  stm32f4xx_rcc.o(.text)
    RCC_AHB1PeriphClockLPModeCmd             0x08002619   Thumb Code    34  stm32f4xx_rcc.o(.text)
    RCC_AHB2PeriphClockLPModeCmd             0x0800263b   Thumb Code    34  stm32f4xx_rcc.o(.text)
    RCC_AHB3PeriphClockLPModeCmd             0x0800265d   Thumb Code    34  stm32f4xx_rcc.o(.text)
    RCC_APB1PeriphClockLPModeCmd             0x0800267f   Thumb Code    34  stm32f4xx_rcc.o(.text)
    RCC_APB2PeriphClockLPModeCmd             0x080026a1   Thumb Code    34  stm32f4xx_rcc.o(.text)
    RCC_LSEModeConfig                        0x080026c3   Thumb Code    40  stm32f4xx_rcc.o(.text)
    RCC_ITConfig                             0x080026eb   Thumb Code    34  stm32f4xx_rcc.o(.text)
    RCC_ClearFlag                            0x0800270d   Thumb Code    18  stm32f4xx_rcc.o(.text)
    RCC_GetITStatus                          0x0800271f   Thumb Code    22  stm32f4xx_rcc.o(.text)
    RCC_ClearITPendingBit                    0x08002735   Thumb Code     8  stm32f4xx_rcc.o(.text)
    ADC_DeInit                               0x08002741   Thumb Code    22  stm32f4xx_adc.o(.text)
    ADC_Init                                 0x08002757   Thumb Code    74  stm32f4xx_adc.o(.text)
    ADC_StructInit                           0x080027a1   Thumb Code    20  stm32f4xx_adc.o(.text)
    ADC_CommonInit                           0x080027b5   Thumb Code    34  stm32f4xx_adc.o(.text)
    ADC_CommonStructInit                     0x080027d7   Thumb Code    12  stm32f4xx_adc.o(.text)
    ADC_Cmd                                  0x080027e3   Thumb Code    22  stm32f4xx_adc.o(.text)
    ADC_AnalogWatchdogCmd                    0x080027f9   Thumb Code    16  stm32f4xx_adc.o(.text)
    ADC_AnalogWatchdogThresholdsConfig       0x08002809   Thumb Code     6  stm32f4xx_adc.o(.text)
    ADC_AnalogWatchdogSingleChannelConfig    0x0800280f   Thumb Code    16  stm32f4xx_adc.o(.text)
    ADC_TempSensorVrefintCmd                 0x0800281f   Thumb Code    34  stm32f4xx_adc.o(.text)
    ADC_VBATCmd                              0x08002841   Thumb Code    34  stm32f4xx_adc.o(.text)
    ADC_RegularChannelConfig                 0x08002863   Thumb Code   184  stm32f4xx_adc.o(.text)
    ADC_SoftwareStartConv                    0x0800291b   Thumb Code    10  stm32f4xx_adc.o(.text)
    ADC_GetSoftwareStartConvStatus           0x08002925   Thumb Code    20  stm32f4xx_adc.o(.text)
    ADC_EOCOnEachRegularChannelCmd           0x08002939   Thumb Code    22  stm32f4xx_adc.o(.text)
    ADC_ContinuousModeCmd                    0x0800294f   Thumb Code    22  stm32f4xx_adc.o(.text)
    ADC_DiscModeChannelCountConfig           0x08002965   Thumb Code    24  stm32f4xx_adc.o(.text)
    ADC_DiscModeCmd                          0x0800297d   Thumb Code    22  stm32f4xx_adc.o(.text)
    ADC_GetConversionValue                   0x08002993   Thumb Code     8  stm32f4xx_adc.o(.text)
    ADC_GetMultiModeConversionValue          0x0800299b   Thumb Code     8  stm32f4xx_adc.o(.text)
    ADC_DMACmd                               0x080029a3   Thumb Code    22  stm32f4xx_adc.o(.text)
    ADC_DMARequestAfterLastTransferCmd       0x080029b9   Thumb Code    22  stm32f4xx_adc.o(.text)
    ADC_MultiModeDMARequestAfterLastTransferCmd 0x080029cf   Thumb Code    34  stm32f4xx_adc.o(.text)
    ADC_InjectedChannelConfig                0x080029f1   Thumb Code   130  stm32f4xx_adc.o(.text)
    ADC_InjectedSequencerLengthConfig        0x08002a73   Thumb Code    24  stm32f4xx_adc.o(.text)
    ADC_SetInjectedOffset                    0x08002a8b   Thumb Code    20  stm32f4xx_adc.o(.text)
    ADC_ExternalTrigInjectedConvConfig       0x08002a9f   Thumb Code    16  stm32f4xx_adc.o(.text)
    ADC_ExternalTrigInjectedConvEdgeConfig   0x08002aaf   Thumb Code    16  stm32f4xx_adc.o(.text)
    ADC_SoftwareStartInjectedConv            0x08002abf   Thumb Code    10  stm32f4xx_adc.o(.text)
    ADC_GetSoftwareStartInjectedConvCmdStatus 0x08002ac9   Thumb Code    20  stm32f4xx_adc.o(.text)
    ADC_AutoInjectedConvCmd                  0x08002add   Thumb Code    22  stm32f4xx_adc.o(.text)
    ADC_InjectedDiscModeCmd                  0x08002af3   Thumb Code    22  stm32f4xx_adc.o(.text)
    ADC_GetInjectedConversionValue           0x08002b09   Thumb Code    28  stm32f4xx_adc.o(.text)
    ADC_ITConfig                             0x08002b25   Thumb Code    56  stm32f4xx_adc.o(.text)
    ADC_GetFlagStatus                        0x08002b5d   Thumb Code    18  stm32f4xx_adc.o(.text)
    ADC_ClearFlag                            0x08002b6f   Thumb Code     6  stm32f4xx_adc.o(.text)
    ADC_GetITStatus                          0x08002b75   Thumb Code    38  stm32f4xx_adc.o(.text)
    ADC_ClearITPendingBit                    0x08002b9b   Thumb Code    10  stm32f4xx_adc.o(.text)
    TIM_DeInit                               0x08002ba5   Thumb Code   346  stm32f4xx_tim.o(.text)
    TIM_TimeBaseInit                         0x08002cff   Thumb Code   104  stm32f4xx_tim.o(.text)
    TIM_TimeBaseStructInit                   0x08002d67   Thumb Code    18  stm32f4xx_tim.o(.text)
    TIM_PrescalerConfig                      0x08002d79   Thumb Code     6  stm32f4xx_tim.o(.text)
    TIM_CounterModeConfig                    0x08002d7f   Thumb Code    18  stm32f4xx_tim.o(.text)
    TIM_SetCounter                           0x08002d91   Thumb Code     4  stm32f4xx_tim.o(.text)
    TIM_SetAutoreload                        0x08002d95   Thumb Code     4  stm32f4xx_tim.o(.text)
    TIM_GetCounter                           0x08002d99   Thumb Code     6  stm32f4xx_tim.o(.text)
    TIM_GetPrescaler                         0x08002d9f   Thumb Code     6  stm32f4xx_tim.o(.text)
    TIM_UpdateDisableConfig                  0x08002da5   Thumb Code    24  stm32f4xx_tim.o(.text)
    TIM_UpdateRequestConfig                  0x08002dbd   Thumb Code    24  stm32f4xx_tim.o(.text)
    TIM_ARRPreloadConfig                     0x08002dd5   Thumb Code    24  stm32f4xx_tim.o(.text)
    TIM_SelectOnePulseMode                   0x08002ded   Thumb Code    18  stm32f4xx_tim.o(.text)
    TIM_SetClockDivision                     0x08002dff   Thumb Code    18  stm32f4xx_tim.o(.text)
    TIM_Cmd                                  0x08002e11   Thumb Code    24  stm32f4xx_tim.o(.text)
    TIM_OC1Init                              0x08002e29   Thumb Code   114  stm32f4xx_tim.o(.text)
    TIM_OC2Init                              0x08002e9b   Thumb Code   154  stm32f4xx_tim.o(.text)
    TIM_OC3Init                              0x08002f35   Thumb Code   204  stm32f4xx_tim.o(.text)
    TIM_OC4Init                              0x08003001   Thumb Code   112  stm32f4xx_tim.o(.text)
    TIM_OCStructInit                         0x08003071   Thumb Code    20  stm32f4xx_tim.o(.text)
    TIM_SelectOCxM                           0x08003085   Thumb Code    86  stm32f4xx_tim.o(.text)
    TIM_SetCompare1                          0x080030db   Thumb Code     4  stm32f4xx_tim.o(.text)
    TIM_SetCompare2                          0x080030df   Thumb Code     4  stm32f4xx_tim.o(.text)
    TIM_SetCompare3                          0x080030e3   Thumb Code     4  stm32f4xx_tim.o(.text)
    TIM_SetCompare4                          0x080030e7   Thumb Code     4  stm32f4xx_tim.o(.text)
    TIM_ForcedOC1Config                      0x080030eb   Thumb Code    18  stm32f4xx_tim.o(.text)
    TIM_ForcedOC2Config                      0x080030fd   Thumb Code    26  stm32f4xx_tim.o(.text)
    TIM_ForcedOC3Config                      0x08003117   Thumb Code    18  stm32f4xx_tim.o(.text)
    TIM_ForcedOC4Config                      0x08003129   Thumb Code    26  stm32f4xx_tim.o(.text)
    TIM_OC1PreloadConfig                     0x08003143   Thumb Code    18  stm32f4xx_tim.o(.text)
    TIM_OC2PreloadConfig                     0x08003155   Thumb Code    26  stm32f4xx_tim.o(.text)
    TIM_OC3PreloadConfig                     0x0800316f   Thumb Code    18  stm32f4xx_tim.o(.text)
    TIM_OC4PreloadConfig                     0x08003181   Thumb Code    26  stm32f4xx_tim.o(.text)
    TIM_OC1FastConfig                        0x0800319b   Thumb Code    18  stm32f4xx_tim.o(.text)
    TIM_OC2FastConfig                        0x080031ad   Thumb Code    26  stm32f4xx_tim.o(.text)
    TIM_OC3FastConfig                        0x080031c7   Thumb Code    18  stm32f4xx_tim.o(.text)
    TIM_OC4FastConfig                        0x080031d9   Thumb Code    26  stm32f4xx_tim.o(.text)
    TIM_ClearOC1Ref                          0x080031f3   Thumb Code    18  stm32f4xx_tim.o(.text)
    TIM_ClearOC2Ref                          0x08003205   Thumb Code    24  stm32f4xx_tim.o(.text)
    TIM_ClearOC3Ref                          0x0800321d   Thumb Code    18  stm32f4xx_tim.o(.text)
    TIM_ClearOC4Ref                          0x0800322f   Thumb Code    24  stm32f4xx_tim.o(.text)
    TIM_OC1PolarityConfig                    0x08003247   Thumb Code    18  stm32f4xx_tim.o(.text)
    TIM_OC1NPolarityConfig                   0x08003259   Thumb Code    18  stm32f4xx_tim.o(.text)
    TIM_OC2PolarityConfig                    0x0800326b   Thumb Code    26  stm32f4xx_tim.o(.text)
    TIM_OC2NPolarityConfig                   0x08003285   Thumb Code    26  stm32f4xx_tim.o(.text)
    TIM_OC3PolarityConfig                    0x0800329f   Thumb Code    26  stm32f4xx_tim.o(.text)
    TIM_OC3NPolarityConfig                   0x080032b9   Thumb Code    26  stm32f4xx_tim.o(.text)
    TIM_OC4PolarityConfig                    0x080032d3   Thumb Code    26  stm32f4xx_tim.o(.text)
    TIM_CCxCmd                               0x080032ed   Thumb Code    30  stm32f4xx_tim.o(.text)
    TIM_CCxNCmd                              0x0800330b   Thumb Code    30  stm32f4xx_tim.o(.text)
    TIM_SetIC4Prescaler                      0x08003329   Thumb Code    26  stm32f4xx_tim.o(.text)
    TIM_SetIC3Prescaler                      0x08003393   Thumb Code    18  stm32f4xx_tim.o(.text)
    TIM_SetIC2Prescaler                      0x080033ed   Thumb Code    26  stm32f4xx_tim.o(.text)
    TIM_SetIC1Prescaler                      0x08003461   Thumb Code    18  stm32f4xx_tim.o(.text)
    TIM_ICInit                               0x080034ad   Thumb Code   110  stm32f4xx_tim.o(.text)
    TIM_ICStructInit                         0x0800351b   Thumb Code    18  stm32f4xx_tim.o(.text)
    TIM_PWMIConfig                           0x0800352d   Thumb Code   124  stm32f4xx_tim.o(.text)
    TIM_GetCapture1                          0x080035a9   Thumb Code     6  stm32f4xx_tim.o(.text)
    TIM_GetCapture2                          0x080035af   Thumb Code     6  stm32f4xx_tim.o(.text)
    TIM_GetCapture3                          0x080035b5   Thumb Code     6  stm32f4xx_tim.o(.text)
    TIM_GetCapture4                          0x080035bb   Thumb Code     6  stm32f4xx_tim.o(.text)
    TIM_BDTRConfig                           0x080035c1   Thumb Code    32  stm32f4xx_tim.o(.text)
    TIM_BDTRStructInit                       0x080035e1   Thumb Code    18  stm32f4xx_tim.o(.text)
    TIM_CtrlPWMOutputs                       0x080035f3   Thumb Code    30  stm32f4xx_tim.o(.text)
    TIM_SelectCOM                            0x08003611   Thumb Code    24  stm32f4xx_tim.o(.text)
    TIM_CCPreloadControl                     0x08003629   Thumb Code    24  stm32f4xx_tim.o(.text)
    TIM_ITConfig                             0x08003641   Thumb Code    18  stm32f4xx_tim.o(.text)
    TIM_GenerateEvent                        0x08003653   Thumb Code     4  stm32f4xx_tim.o(.text)
    TIM_GetFlagStatus                        0x08003657   Thumb Code    18  stm32f4xx_tim.o(.text)
    TIM_ClearFlag                            0x08003669   Thumb Code     6  stm32f4xx_tim.o(.text)
    TIM_GetITStatus                          0x0800366f   Thumb Code    34  stm32f4xx_tim.o(.text)
    TIM_ClearITPendingBit                    0x08003691   Thumb Code     6  stm32f4xx_tim.o(.text)
    TIM_DMAConfig                            0x08003697   Thumb Code    10  stm32f4xx_tim.o(.text)
    TIM_DMACmd                               0x080036a1   Thumb Code    18  stm32f4xx_tim.o(.text)
    TIM_SelectCCDMA                          0x080036b3   Thumb Code    24  stm32f4xx_tim.o(.text)
    TIM_InternalClockConfig                  0x080036cb   Thumb Code    12  stm32f4xx_tim.o(.text)
    TIM_SelectInputTrigger                   0x080036d7   Thumb Code    18  stm32f4xx_tim.o(.text)
    TIM_ITRxExternalClockConfig              0x080036e9   Thumb Code    24  stm32f4xx_tim.o(.text)
    TIM_TIxExternalClockConfig               0x08003701   Thumb Code    62  stm32f4xx_tim.o(.text)
    TIM_ETRConfig                            0x0800373f   Thumb Code    28  stm32f4xx_tim.o(.text)
    TIM_ETRClockMode1Config                  0x0800375b   Thumb Code    54  stm32f4xx_tim.o(.text)
    TIM_ETRClockMode2Config                  0x08003791   Thumb Code    32  stm32f4xx_tim.o(.text)
    TIM_SelectOutputTrigger                  0x080037b1   Thumb Code    18  stm32f4xx_tim.o(.text)
    TIM_SelectSlaveMode                      0x080037c3   Thumb Code    18  stm32f4xx_tim.o(.text)
    TIM_SelectMasterSlaveMode                0x080037d5   Thumb Code    18  stm32f4xx_tim.o(.text)
    TIM_EncoderInterfaceConfig               0x080037e7   Thumb Code    66  stm32f4xx_tim.o(.text)
    TIM_SelectHallSensor                     0x08003829   Thumb Code    24  stm32f4xx_tim.o(.text)
    TIM_RemapConfig                          0x08003841   Thumb Code     6  stm32f4xx_tim.o(.text)
    arm_cmplx_mag_f32                        0x08003849   Thumb Code   236  arm_cmplx_mag_f32.o(.text)
    arm_radix4_butterfly_f32                 0x08003939   Thumb Code   800  arm_cfft_radix4_f32.o(.text)
    arm_radix4_butterfly_inverse_f32         0x08003c59   Thumb Code   836  arm_cfft_radix4_f32.o(.text)
    arm_cfft_radix4_f32                      0x08003f9d   Thumb Code    60  arm_cfft_radix4_f32.o(.text)
    arm_cfft_radix4_init_f32                 0x08003fd9   Thumb Code   146  arm_cfft_radix4_init_f32.o(.text)
    arm_bitreversal_f32                      0x08004099   Thumb Code   178  arm_bitreversal.o(.text)
    arm_bitreversal_q31                      0x0800414b   Thumb Code   180  arm_bitreversal.o(.text)
    arm_bitreversal_q15                      0x080041ff   Thumb Code   128  arm_bitreversal.o(.text)
    __use_no_semihosting                     0x0800427f   Thumb Code     2  use_no_semi_2.o(.text)
    __use_two_region_memory                  0x08004281   Thumb Code     2  heapauxi.o(.text)
    __rt_heap_escrow$2region                 0x08004283   Thumb Code     2  heapauxi.o(.text)
    __rt_heap_expand$2region                 0x08004285   Thumb Code     2  heapauxi.o(.text)
    __I$use$semihosting                      0x08004287   Thumb Code     0  use_no_semi.o(.text)
    __use_no_semihosting_swi                 0x08004287   Thumb Code     2  use_no_semi.o(.text)
    __read_errno                             0x08004289   Thumb Code    10  _rserrno.o(.text)
    __set_errno                              0x08004293   Thumb Code    12  _rserrno.o(.text)
    __aeabi_errno_addr                       0x080042a1   Thumb Code     8  rt_errno_addr_intlibspace.o(.text)
    __errno$intlibspace                      0x080042a1   Thumb Code     0  rt_errno_addr_intlibspace.o(.text)
    __rt_errno_addr$intlibspace              0x080042a1   Thumb Code     0  rt_errno_addr_intlibspace.o(.text)
    __user_libspace                          0x080042a9   Thumb Code     8  libspace.o(.text)
    __user_perproc_libspace                  0x080042a9   Thumb Code     0  libspace.o(.text)
    __user_perthread_libspace                0x080042a9   Thumb Code     0  libspace.o(.text)
    __user_setup_stackheap                   0x080042b1   Thumb Code    74  sys_stackheap_outer.o(.text)
    exit                                     0x080042fb   Thumb Code    18  exit.o(.text)
    __ARM_fpclassify                         0x0800430d   Thumb Code    48  fpclassify.o(i.__ARM_fpclassify)
    __hardfp_fabs                            0x0800433d   Thumb Code    20  fabs.o(i.__hardfp_fabs)
    __hardfp_pow                             0x08004351   Thumb Code  3072  pow.o(i.__hardfp_pow)
    __hardfp_sqrt                            0x08004fa1   Thumb Code   122  sqrt.o(i.__hardfp_sqrt)
    __kernel_poly                            0x0800501b   Thumb Code   248  poly.o(i.__kernel_poly)
    __mathlib_dbl_divzero                    0x08005119   Thumb Code    28  dunder.o(i.__mathlib_dbl_divzero)
    __mathlib_dbl_infnan2                    0x08005149   Thumb Code    20  dunder.o(i.__mathlib_dbl_infnan2)
    __mathlib_dbl_invalid                    0x08005161   Thumb Code    24  dunder.o(i.__mathlib_dbl_invalid)
    __mathlib_dbl_overflow                   0x08005181   Thumb Code    24  dunder.o(i.__mathlib_dbl_overflow)
    __mathlib_dbl_underflow                  0x080051a1   Thumb Code    24  dunder.o(i.__mathlib_dbl_underflow)
    fabs                                     0x080051c1   Thumb Code    24  fabs.o(i.fabs)
    sqrt                                     0x080051d9   Thumb Code   110  sqrt.o(i.sqrt)
    __aeabi_dneg                             0x08005247   Thumb Code     0  basic.o(x$fpl$basic)
    _dneg                                    0x08005247   Thumb Code     6  basic.o(x$fpl$basic)
    __aeabi_fneg                             0x0800524d   Thumb Code     0  basic.o(x$fpl$basic)
    _fneg                                    0x0800524d   Thumb Code     6  basic.o(x$fpl$basic)
    _dabs                                    0x08005253   Thumb Code     6  basic.o(x$fpl$basic)
    _fabs                                    0x08005259   Thumb Code     6  basic.o(x$fpl$basic)
    __aeabi_d2f                              0x08005261   Thumb Code     0  d2f.o(x$fpl$d2f)
    _d2f                                     0x08005261   Thumb Code    98  d2f.o(x$fpl$d2f)
    __aeabi_dadd                             0x080052c5   Thumb Code     0  daddsub_clz.o(x$fpl$dadd)
    _dadd                                    0x080052c5   Thumb Code   332  daddsub_clz.o(x$fpl$dadd)
    __fpl_dcheck_NaN1                        0x08005415   Thumb Code    10  dcheck1.o(x$fpl$dcheck1)
    __fpl_dcmp_Inf                           0x08005425   Thumb Code    24  dcmpi.o(x$fpl$dcmpinf)
    __aeabi_ddiv                             0x0800543d   Thumb Code     0  ddiv.o(x$fpl$ddiv)
    _ddiv                                    0x0800543d   Thumb Code   552  ddiv.o(x$fpl$ddiv)
    __aeabi_i2d                              0x080056ed   Thumb Code     0  dflt_clz.o(x$fpl$dflt)
    _dflt                                    0x080056ed   Thumb Code    46  dflt_clz.o(x$fpl$dflt)
    __aeabi_cdcmple                          0x0800571d   Thumb Code     0  dleqf.o(x$fpl$dleqf)
    _dcmple                                  0x0800571d   Thumb Code   120  dleqf.o(x$fpl$dleqf)
    __fpl_dcmple_InfNaN                      0x0800577f   Thumb Code     0  dleqf.o(x$fpl$dleqf)
    __aeabi_dmul                             0x08005795   Thumb Code     0  dmul.o(x$fpl$dmul)
    _dmul                                    0x08005795   Thumb Code   332  dmul.o(x$fpl$dmul)
    __fpl_dnaninf                            0x080058e9   Thumb Code   156  dnaninf.o(x$fpl$dnaninf)
    __fpl_dretinf                            0x08005985   Thumb Code    12  dretinf.o(x$fpl$dretinf)
    __aeabi_cdrcmple                         0x08005991   Thumb Code     0  drleqf.o(x$fpl$drleqf)
    _drcmple                                 0x08005991   Thumb Code   108  drleqf.o(x$fpl$drleqf)
    __aeabi_drsub                            0x080059fd   Thumb Code     0  daddsub_clz.o(x$fpl$drsb)
    _drsb                                    0x080059fd   Thumb Code    22  daddsub_clz.o(x$fpl$drsb)
    _dsqrt                                   0x08005a15   Thumb Code   404  dsqrt_umaal.o(x$fpl$dsqrt)
    __aeabi_dsub                             0x08005bad   Thumb Code     0  daddsub_clz.o(x$fpl$dsub)
    _dsub                                    0x08005bad   Thumb Code   464  daddsub_clz.o(x$fpl$dsub)
    __aeabi_f2d                              0x08005d81   Thumb Code     0  f2d.o(x$fpl$f2d)
    _f2d                                     0x08005d81   Thumb Code    86  f2d.o(x$fpl$f2d)
    __fpl_fnaninf                            0x08005dd7   Thumb Code   140  fnaninf.o(x$fpl$fnaninf)
    _fp_init                                 0x08005e63   Thumb Code    10  fpinit.o(x$fpl$fpinit)
    __fplib_config_fpu_vfp                   0x08005e6b   Thumb Code     0  fpinit.o(x$fpl$fpinit)
    __fplib_config_pureend_doubles           0x08005e6b   Thumb Code     0  fpinit.o(x$fpl$fpinit)
    __fpl_fretinf                            0x08005e6d   Thumb Code    10  fretinf.o(x$fpl$fretinf)
    __fpl_return_NaN                         0x08005e77   Thumb Code   100  retnan.o(x$fpl$retnan)
    __ARM_scalbn                             0x08005edb   Thumb Code    92  scalbn.o(x$fpl$scalbn)
    __fpl_cmpreturn                          0x08005f37   Thumb Code    48  trapv.o(x$fpl$trapveneer)
    __I$use$fp                               0x08005f66   Number         0  usenofp.o(x$fpl$usenofp)
    armBitRevTable                           0x08005f66   Data        2048  arm_common_tables.o(.constdata)
    twiddleCoef_4096                         0x08006768   Data       32768  arm_common_tables.o(.constdata)
    __mathlib_zero                           0x0800e7f0   Data           8  qnan.o(.constdata)
    Region$$Table$$Base                      0x0800e7f8   Number         0  anon$$obj.o(Region$$Table)
    Region$$Table$$Limit                     0x0800e818   Number         0  anon$$obj.o(Region$$Table)
    time_count                               0x20000000   Data           4  main.o(.data)
    t0                                       0x20000004   Data           4  main.o(.data)
    t1                                       0x20000008   Data           4  main.o(.data)
    first                                    0x2000000c   Data           1  main.o(.data)
    uart_verify                              0x20000010   Data           4  main.o(.data)
    DataReady                                0x20000014   Data           4  main.o(.data)
    timeout                                  0x20000018   Data           1  main.o(.data)
    SystemCoreClock                          0x2000001c   Data           4  system_stm32f4xx.o(.data)
    AHBPrescTable                            0x20000020   Data          16  system_stm32f4xx.o(.data)
    SendBuff                                 0x20000044   Data         468  main.o(.bss)
    Data_v                                   0x20000218   Data        4096  main.o(.bss)
    Data_c                                   0x20001218   Data        4096  main.o(.bss)
    Data_p_single                            0x20002218   Data          64  main.o(.bss)
    Data_q_single                            0x20002258   Data          64  main.o(.bss)
    Data_v_max                               0x20002298   Data          64  main.o(.bss)
    Data_c_max                               0x200022d8   Data          64  main.o(.bss)
    Data_max                                 0x20002318   Data         256  main.o(.bss)
    fft_outputbuf                            0x20002418   Data        4096  main.o(.bss)
    fft_inputbuf                             0x20003418   Data        8192  main.o(.bss)
    ADCDualConvertedValues                   0x20005418   Data       32768  main.o(.bss)
    __libspace_start                         0x2000d418   Data          96  libspace.o(.bss)
    __temporary_stack_top$libspace           0x2000d478   Data           0  libspace.o(.bss)



==============================================================================

Memory Map of the image

  Image Entry point : 0x08000189

  Load Region LR_IROM1 (Base: 0x08000000, Size: 0x0000e85c, Max: 0x00100000, ABSOLUTE)

    Execution Region ER_IROM1 (Base: 0x08000000, Size: 0x0000e818, Max: 0x00100000, ABSOLUTE)

    Base Addr    Size         Type   Attr      Idx    E Section Name        Object

    0x08000000   0x00000188   Data   RO          392    RESET               startup_stm32f40_41xxx.o
    0x08000188   0x00000008   Code   RO          748  * !!!main             c_w.l(__main.o)
    0x08000190   0x00000034   Code   RO         1010    !!!scatter          c_w.l(__scatter.o)
    0x080001c4   0x0000001a   Code   RO         1012    !!handler_copy      c_w.l(__scatter_copy.o)
    0x080001de   0x00000002   PAD
    0x080001e0   0x0000001c   Code   RO         1014    !!handler_zi        c_w.l(__scatter_zi.o)
    0x080001fc   0x00000002   Code   RO          883    .ARM.Collect$$libinit$$00000000  c_w.l(libinit.o)
    0x080001fe   0x00000004   Code   RO          888    .ARM.Collect$$libinit$$00000001  c_w.l(libinit2.o)
    0x08000202   0x00000000   Code   RO          891    .ARM.Collect$$libinit$$00000004  c_w.l(libinit2.o)
    0x08000202   0x00000000   Code   RO          894    .ARM.Collect$$libinit$$0000000A  c_w.l(libinit2.o)
    0x08000202   0x00000000   Code   RO          896    .ARM.Collect$$libinit$$0000000C  c_w.l(libinit2.o)
    0x08000202   0x00000000   Code   RO          898    .ARM.Collect$$libinit$$0000000E  c_w.l(libinit2.o)
    0x08000202   0x00000000   Code   RO          901    .ARM.Collect$$libinit$$00000011  c_w.l(libinit2.o)
    0x08000202   0x00000000   Code   RO          903    .ARM.Collect$$libinit$$00000013  c_w.l(libinit2.o)
    0x08000202   0x00000000   Code   RO          905    .ARM.Collect$$libinit$$00000015  c_w.l(libinit2.o)
    0x08000202   0x00000000   Code   RO          907    .ARM.Collect$$libinit$$00000017  c_w.l(libinit2.o)
    0x08000202   0x00000000   Code   RO          909    .ARM.Collect$$libinit$$00000019  c_w.l(libinit2.o)
    0x08000202   0x00000000   Code   RO          911    .ARM.Collect$$libinit$$0000001B  c_w.l(libinit2.o)
    0x08000202   0x00000000   Code   RO          913    .ARM.Collect$$libinit$$0000001D  c_w.l(libinit2.o)
    0x08000202   0x00000000   Code   RO          915    .ARM.Collect$$libinit$$0000001F  c_w.l(libinit2.o)
    0x08000202   0x00000000   Code   RO          917    .ARM.Collect$$libinit$$00000021  c_w.l(libinit2.o)
    0x08000202   0x00000000   Code   RO          919    .ARM.Collect$$libinit$$00000023  c_w.l(libinit2.o)
    0x08000202   0x00000000   Code   RO          921    .ARM.Collect$$libinit$$00000025  c_w.l(libinit2.o)
    0x08000202   0x00000000   Code   RO          925    .ARM.Collect$$libinit$$0000002C  c_w.l(libinit2.o)
    0x08000202   0x00000000   Code   RO          927    .ARM.Collect$$libinit$$0000002E  c_w.l(libinit2.o)
    0x08000202   0x00000000   Code   RO          929    .ARM.Collect$$libinit$$00000030  c_w.l(libinit2.o)
    0x08000202   0x00000000   Code   RO          931    .ARM.Collect$$libinit$$00000032  c_w.l(libinit2.o)
    0x08000202   0x00000002   Code   RO          932    .ARM.Collect$$libinit$$00000033  c_w.l(libinit2.o)
    0x08000204   0x00000002   Code   RO          952    .ARM.Collect$$libshutdown$$00000000  c_w.l(libshutdown.o)
    0x08000206   0x00000000   Code   RO          962    .ARM.Collect$$libshutdown$$00000002  c_w.l(libshutdown2.o)
    0x08000206   0x00000000   Code   RO          964    .ARM.Collect$$libshutdown$$00000004  c_w.l(libshutdown2.o)
    0x08000206   0x00000000   Code   RO          967    .ARM.Collect$$libshutdown$$00000007  c_w.l(libshutdown2.o)
    0x08000206   0x00000000   Code   RO          970    .ARM.Collect$$libshutdown$$0000000A  c_w.l(libshutdown2.o)
    0x08000206   0x00000000   Code   RO          972    .ARM.Collect$$libshutdown$$0000000C  c_w.l(libshutdown2.o)
    0x08000206   0x00000000   Code   RO          975    .ARM.Collect$$libshutdown$$0000000F  c_w.l(libshutdown2.o)
    0x08000206   0x00000002   Code   RO          976    .ARM.Collect$$libshutdown$$00000010  c_w.l(libshutdown2.o)
    0x08000208   0x00000000   Code   RO          802    .ARM.Collect$$rtentry$$00000000  c_w.l(__rtentry.o)
    0x08000208   0x00000000   Code   RO          848    .ARM.Collect$$rtentry$$00000002  c_w.l(__rtentry2.o)
    0x08000208   0x00000006   Code   RO          860    .ARM.Collect$$rtentry$$00000004  c_w.l(__rtentry4.o)
    0x0800020e   0x00000000   Code   RO          850    .ARM.Collect$$rtentry$$00000009  c_w.l(__rtentry2.o)
    0x0800020e   0x00000004   Code   RO          851    .ARM.Collect$$rtentry$$0000000A  c_w.l(__rtentry2.o)
    0x08000212   0x00000000   Code   RO          853    .ARM.Collect$$rtentry$$0000000C  c_w.l(__rtentry2.o)
    0x08000212   0x00000008   Code   RO          854    .ARM.Collect$$rtentry$$0000000D  c_w.l(__rtentry2.o)
    0x0800021a   0x00000002   Code   RO          886    .ARM.Collect$$rtexit$$00000000  c_w.l(rtexit.o)
    0x0800021c   0x00000000   Code   RO          936    .ARM.Collect$$rtexit$$00000002  c_w.l(rtexit2.o)
    0x0800021c   0x00000004   Code   RO          937    .ARM.Collect$$rtexit$$00000003  c_w.l(rtexit2.o)
    0x08000220   0x00000006   Code   RO          938    .ARM.Collect$$rtexit$$00000004  c_w.l(rtexit2.o)
    0x08000226   0x00000002   PAD
    0x08000228   0x00000dbc   Code   RO            3    .text               main.o
    0x08000fe4   0x0000001a   Code   RO          170    .text               stm32f4xx_it.o
    0x08000ffe   0x00000002   PAD
    0x08001000   0x00000210   Code   RO          219    .text               system_stm32f4xx.o
    0x08001210   0x000000b0   Code   RO          265    .text               dma.o
    0x080012c0   0x00000104   Code   RO          299    .text               delay.o
    0x080013c4   0x000000ec   Code   RO          339    .text               usart.o
    0x080014b0   0x00000084   Code   RO          371    .text               timer.o
    0x08001534   0x00000040   Code   RO          393    .text               startup_stm32f40_41xxx.o
    0x08001574   0x000000e0   Code   RO          399    .text               misc.o
    0x08001654   0x000003a8   Code   RO          419    .text               stm32f4xx_dma.o
    0x080019fc   0x00000294   Code   RO          439    .text               stm32f4xx_gpio.o
    0x08001c90   0x00000454   Code   RO          482    .text               stm32f4xx_usart.o
    0x080020e4   0x0000065c   Code   RO          522    .text               stm32f4xx_rcc.o
    0x08002740   0x00000464   Code   RO          544    .text               stm32f4xx_adc.o
    0x08002ba4   0x00000ca2   Code   RO          564    .text               stm32f4xx_tim.o
    0x08003846   0x00000002   PAD
    0x08003848   0x000000f0   Code   RO          584    .text               arm_cortexM4lf_math.lib(arm_cmplx_mag_f32.o)
    0x08003938   0x000006a0   Code   RO          629    .text               arm_cortexM4lf_math.lib(arm_cfft_radix4_f32.o)
    0x08003fd8   0x000000c0   Code   RO          649    .text               arm_cortexM4lf_math.lib(arm_cfft_radix4_init_f32.o)
    0x08004098   0x000001e6   Code   RO          673    .text               arm_cortexM4lf_math.lib(arm_bitreversal.o)
    0x0800427e   0x00000002   Code   RO          744    .text               c_w.l(use_no_semi_2.o)
    0x08004280   0x00000006   Code   RO          746    .text               c_w.l(heapauxi.o)
    0x08004286   0x00000002   Code   RO          800    .text               c_w.l(use_no_semi.o)
    0x08004288   0x00000016   Code   RO          803    .text               c_w.l(_rserrno.o)
    0x0800429e   0x00000002   PAD
    0x080042a0   0x00000008   Code   RO          865    .text               c_w.l(rt_errno_addr_intlibspace.o)
    0x080042a8   0x00000008   Code   RO          871    .text               c_w.l(libspace.o)
    0x080042b0   0x0000004a   Code   RO          874    .text               c_w.l(sys_stackheap_outer.o)
    0x080042fa   0x00000012   Code   RO          876    .text               c_w.l(exit.o)
    0x0800430c   0x00000030   Code   RO          842    i.__ARM_fpclassify  m_wm.l(fpclassify.o)
    0x0800433c   0x00000014   Code   RO          768    i.__hardfp_fabs     m_wm.l(fabs.o)
    0x08004350   0x00000c50   Code   RO          774    i.__hardfp_pow      m_wm.l(pow.o)
    0x08004fa0   0x0000007a   Code   RO          788    i.__hardfp_sqrt     m_wm.l(sqrt.o)
    0x0800501a   0x000000f8   Code   RO          844    i.__kernel_poly     m_wm.l(poly.o)
    0x08005112   0x00000006   PAD
    0x08005118   0x00000030   Code   RO          828    i.__mathlib_dbl_divzero  m_wm.l(dunder.o)
    0x08005148   0x00000014   Code   RO          830    i.__mathlib_dbl_infnan2  m_wm.l(dunder.o)
    0x0800515c   0x00000004   PAD
    0x08005160   0x00000020   Code   RO          831    i.__mathlib_dbl_invalid  m_wm.l(dunder.o)
    0x08005180   0x00000020   Code   RO          832    i.__mathlib_dbl_overflow  m_wm.l(dunder.o)
    0x080051a0   0x00000020   Code   RO          834    i.__mathlib_dbl_underflow  m_wm.l(dunder.o)
    0x080051c0   0x00000018   Code   RO          770    i.fabs              m_wm.l(fabs.o)
    0x080051d8   0x0000006e   Code   RO          790    i.sqrt              m_wm.l(sqrt.o)
    0x08005246   0x00000018   Code   RO          805    x$fpl$basic         fz_wm.l(basic.o)
    0x0800525e   0x00000002   PAD
    0x08005260   0x00000062   Code   RO          750    x$fpl$d2f           fz_wm.l(d2f.o)
    0x080052c2   0x00000002   PAD
    0x080052c4   0x00000150   Code   RO          752    x$fpl$dadd          fz_wm.l(daddsub_clz.o)
    0x08005414   0x00000010   Code   RO          867    x$fpl$dcheck1       fz_wm.l(dcheck1.o)
    0x08005424   0x00000018   Code   RO          869    x$fpl$dcmpinf       fz_wm.l(dcmpi.o)
    0x0800543c   0x000002b0   Code   RO          759    x$fpl$ddiv          fz_wm.l(ddiv.o)
    0x080056ec   0x0000002e   Code   RO          808    x$fpl$dflt          fz_wm.l(dflt_clz.o)
    0x0800571a   0x00000002   PAD
    0x0800571c   0x00000078   Code   RO          813    x$fpl$dleqf         fz_wm.l(dleqf.o)
    0x08005794   0x00000154   Code   RO          762    x$fpl$dmul          fz_wm.l(dmul.o)
    0x080058e8   0x0000009c   Code   RO          815    x$fpl$dnaninf       fz_wm.l(dnaninf.o)
    0x08005984   0x0000000c   Code   RO          817    x$fpl$dretinf       fz_wm.l(dretinf.o)
    0x08005990   0x0000006c   Code   RO          764    x$fpl$drleqf        fz_wm.l(drleqf.o)
    0x080059fc   0x00000016   Code   RO          753    x$fpl$drsb          fz_wm.l(daddsub_clz.o)
    0x08005a12   0x00000002   PAD
    0x08005a14   0x00000198   Code   RO          819    x$fpl$dsqrt         fz_wm.l(dsqrt_umaal.o)
    0x08005bac   0x000001d4   Code   RO          754    x$fpl$dsub          fz_wm.l(daddsub_clz.o)
    0x08005d80   0x00000056   Code   RO          766    x$fpl$f2d           fz_wm.l(f2d.o)
    0x08005dd6   0x0000008c   Code   RO          821    x$fpl$fnaninf       fz_wm.l(fnaninf.o)
    0x08005e62   0x0000000a   Code   RO          944    x$fpl$fpinit        fz_wm.l(fpinit.o)
    0x08005e6c   0x0000000a   Code   RO          823    x$fpl$fretinf       fz_wm.l(fretinf.o)
    0x08005e76   0x00000064   Code   RO          884    x$fpl$retnan        fz_wm.l(retnan.o)
    0x08005eda   0x0000005c   Code   RO          825    x$fpl$scalbn        fz_wm.l(scalbn.o)
    0x08005f36   0x00000030   Code   RO          933    x$fpl$trapveneer    fz_wm.l(trapv.o)
    0x08005f66   0x00000000   Code   RO          827    x$fpl$usenofp       fz_wm.l(usenofp.o)
    0x08005f66   0x00000800   Data   RO          693    .constdata          arm_cortexM4lf_math.lib(arm_common_tables.o)
    0x08006766   0x00000002   PAD
    0x08006768   0x00008000   Data   RO          702    .constdata          arm_cortexM4lf_math.lib(arm_common_tables.o)
    0x0800e768   0x00000088   Data   RO          777    .constdata          m_wm.l(pow.o)
    0x0800e7f0   0x00000008   Data   RO          846    .constdata          m_wm.l(qnan.o)
    0x0800e7f8   0x00000020   Data   RO         1008    Region$$Table       anon$$obj.o


    Execution Region RW_IRAM1 (Base: 0x20000000, Size: 0x0000da78, Max: 0x00020000, ABSOLUTE)

    Base Addr    Size         Type   Attr      Idx    E Section Name        Object

    0x20000000   0x00000019   Data   RW            5    .data               main.o
    0x20000019   0x00000003   PAD
    0x2000001c   0x00000014   Data   RW          220    .data               system_stm32f4xx.o
    0x20000030   0x00000004   Data   RW          300    .data               delay.o
    0x20000034   0x00000010   Data   RW          523    .data               stm32f4xx_rcc.o
    0x20000044   0x0000d3d4   Zero   RW            4    .bss                main.o
    0x2000d418   0x00000060   Zero   RW          872    .bss                c_w.l(libspace.o)
    0x2000d478   0x00000200   Zero   RW          391    HEAP                startup_stm32f40_41xxx.o
    0x2000d678   0x00000400   Zero   RW          390    STACK               startup_stm32f40_41xxx.o


==============================================================================

Image component sizes


      Code (inc. data)   RO Data    RW Data    ZI Data      Debug   Object Name

       260          8          0          4          0       1489   delay.o
       176          6          0          0          0       1384   dma.o
      3516        234          0         25      54228     325243   main.o
       224         20          0          0          0       1829   misc.o
        64         26        392          0       1536        840   startup_stm32f40_41xxx.o
      1124         24          0          0          0      10698   stm32f4xx_adc.o
       936         32          0          0          0       6405   stm32f4xx_dma.o
       660         44          0          0          0       4169   stm32f4xx_gpio.o
        26          0          0          0          0       1226   stm32f4xx_it.o
      1628         52          0         16          0      13052   stm32f4xx_rcc.o
      3234         60          0          0          0      23024   stm32f4xx_tim.o
      1108         34          0          0          0       7892   stm32f4xx_usart.o
       528         46          0         20          0       1795   system_stm32f4xx.o
       132         10          0          0          0        832   timer.o
       236         12          0          0          0       3011   usart.o

    ----------------------------------------------------------------------
     13856        608        424         68      55764     402889   Object Totals
         0          0         32          0          0          0   (incl. Generated)
         4          0          0          3          0          0   (incl. Padding)

    ----------------------------------------------------------------------

      Code (inc. data)   RO Data    RW Data    ZI Data      Debug   Library Member Name

       486          0          0          0          0       2210   arm_bitreversal.o
      1696          0          0          0          0       4744   arm_cfft_radix4_f32.o
       192         46          0          0          0        767   arm_cfft_radix4_init_f32.o
       240          4          0          0          0      16312   arm_cmplx_mag_f32.o
         0          0      34816          0          0       2517   arm_common_tables.o
         8          0          0          0          0         68   __main.o
         0          0          0          0          0          0   __rtentry.o
        12          0          0          0          0          0   __rtentry2.o
         6          0          0          0          0          0   __rtentry4.o
        52          8          0          0          0          0   __scatter.o
        26          0          0          0          0          0   __scatter_copy.o
        28          0          0          0          0          0   __scatter_zi.o
        22          0          0          0          0        100   _rserrno.o
        18          0          0          0          0         80   exit.o
         6          0          0          0          0        152   heapauxi.o
         2          0          0          0          0          0   libinit.o
         6          0          0          0          0          0   libinit2.o
         2          0          0          0          0          0   libshutdown.o
         2          0          0          0          0          0   libshutdown2.o
         8          4          0          0         96         68   libspace.o
         8          4          0          0          0         68   rt_errno_addr_intlibspace.o
         2          0          0          0          0          0   rtexit.o
        10          0          0          0          0          0   rtexit2.o
        74          0          0          0          0         80   sys_stackheap_outer.o
         2          0          0          0          0         68   use_no_semi.o
         2          0          0          0          0         68   use_no_semi_2.o
        24          0          0          0          0        164   basic.o
        98          4          0          0          0        140   d2f.o
       826         16          0          0          0        492   daddsub_clz.o
        16          4          0          0          0        116   dcheck1.o
        24          0          0          0          0        116   dcmpi.o
       688        140          0          0          0        256   ddiv.o
        46          0          0          0          0        116   dflt_clz.o
       120          4          0          0          0        140   dleqf.o
       340         12          0          0          0        152   dmul.o
       156          4          0          0          0        140   dnaninf.o
        12          0          0          0          0        116   dretinf.o
       108          0          0          0          0        128   drleqf.o
       408         56          0          0          0        168   dsqrt_umaal.o
        86          4          0          0          0        132   f2d.o
       140          4          0          0          0        132   fnaninf.o
        10          0          0          0          0        116   fpinit.o
        10          0          0          0          0        116   fretinf.o
       100          0          0          0          0        116   retnan.o
        92          0          0          0          0        116   scalbn.o
        48          0          0          0          0        116   trapv.o
         0          0          0          0          0          0   usenofp.o
       164         44          0          0          0        620   dunder.o
        44          0          0          0          0        248   fabs.o
        48          0          0          0          0        124   fpclassify.o
       248          0          0          0          0        152   poly.o
      3152        296        136          0          0        352   pow.o
         0          0          8          0          0          0   qnan.o
       232          0          0          0          0        296   sqrt.o

    ----------------------------------------------------------------------
     10174        654      34962          0         96      32182   Library Totals
        24          0          2          0          0          0   (incl. Padding)

    ----------------------------------------------------------------------

      Code (inc. data)   RO Data    RW Data    ZI Data      Debug   Library Name

      2614         50      34816          0          0      26550   arm_cortexM4lf_math.lib
       296         16          0          0         96        752   c_w.l
      3352        248          0          0          0       3088   fz_wm.l
      3888        340        144          0          0       1792   m_wm.l

    ----------------------------------------------------------------------
     10174        654      34962          0         96      32182   Library Totals

    ----------------------------------------------------------------------

==============================================================================


      Code (inc. data)   RO Data    RW Data    ZI Data      Debug   

     24030       1262      35386         68      55860     428111   Grand Totals
     24030       1262      35386         68      55860     428111   ELF Image Totals
     24030       1262      35386         68          0          0   ROM Totals

==============================================================================

    Total RO  Size (Code + RO Data)                59416 (  58.02kB)
    Total RW  Size (RW Data + ZI Data)             55928 (  54.62kB)
    Total ROM Size (Code + RO Data + RW Data)      59484 (  58.09kB)

==============================================================================

